[2026/04/28 20:57:26.653 +08:00] [INFO] [server.go:129] ["PD Config"] [config="{\"client-urls\":\"http://127.0.0.1:26874\",\"peer-urls\":\"http://127.0.0.1:26875\",\"advertise-client-urls\":\"http://127.0.0.1:26874\",\"advertise-peer-urls\":\"http://127.0.0.1:26875\",\"name\":\"pd\",\"data-dir\":\"/tmp\\\\test_pd3076883285\",\"force-new-cluster\":false,\"enable-grpc-gateway\":true,\"initial-cluster\":\"pd=http://127.0.0.1:26875\",\"initial-cluster-state\":\"new\",\"lease\":1,\"log\":{\"level\":\"\",\"format\":\"\",\"disable-timestamp\":false,\"file\":{\"filename\":\"\",\"max-size\":0,\"max-days\":0,\"max-backups\":0},\"development\":false,\"disable-caller\":false,\"disable-stacktrace\":false,\"disable-error-verbose\":false,\"sampling\":null},\"log-file\":\"\",\"log-level\":\"\",\"tso-save-interval\":\"200ms\",\"schedule\":{\"patrol-region-interval\":\"100ms\",\"max-store-down-time\":\"30m0s\",\"leader-schedule-limit\":4,\"region-schedule-limit\":2048,\"replica-schedule-limit\":64,\"schedulers-v2\":[{\"type\":\"balance-region\",\"args\":null,\"disable\":false,\"args-payload\":\"\"},{\"type\":\"balance-leader\",\"args\":null,\"disable\":false,\"args-payload\":\"\"}]},\"replication\":{\"max-replicas\":3},\"pd-server\":{\"max-reset-ts-gap\":86400000000000},\"quota-backend-bytes\":\"0B\",\"auto-compaction-mode\":\"periodic\",\"auto-compaction-retention-v2\":\"1h\",\"TickInterval\":\"100ms\",\"ElectionInterval\":\"3s\",\"security\":{\"cacert-path\":\"\",\"cert-path\":\"\",\"key-path\":\"\"},\"WarningMsgs\":null,\"DisableStrictReconfigCheck\":true,\"HeartbeatStreamBindInterval\":\"1m0s\",\"LeaderPriorityCheckInterval\":\"100ms\"}"]
[2026/04/28 20:57:26.664 +08:00] [INFO] [server.go:159] ["start embed etcd"]
[2026/04/28 20:57:26.664 +08:00] [INFO] [etcd.go:117] ["configuring peer listeners"] [listen-peer-urls="[http://127.0.0.1:26875]"]
[2026/04/28 20:57:26.664 +08:00] [INFO] [etcd.go:127] ["configuring client listeners"] [listen-client-urls="[http://127.0.0.1:26874]"]
[2026/04/28 20:57:26.664 +08:00] [INFO] [etcd.go:602] ["pprof is enabled"] [path=/debug/pprof]
[2026/04/28 20:57:26.664 +08:00] [INFO] [etcd.go:299] ["starting an etcd server"] [etcd-version=3.4.3] [git-sha="Not provided (use ./build instead of go build)"] [go-version=go1.26.1] [go-os=windows] [go-arch=amd64] [max-cpu-set=16] [max-cpu-available=16] [member-initialized=false] [name=pd] [data-dir="/tmp\\test_pd3076883285"] [wal-dir=] [wal-dir-dedicated=] [member-dir="\\tmp\\test_pd3076883285\\member"] [force-new-cluster=false] [heartbeat-interval=100ms] [election-timeout=3s] [initial-election-tick-advance=true] [snapshot-count=100000] [snapshot-catchup-entries=5000] [initial-advertise-peer-urls="[http://127.0.0.1:26875]"] [listen-peer-urls="[http://127.0.0.1:26875]"] [advertise-client-urls="[http://127.0.0.1:26874]"] [listen-client-urls="[http://127.0.0.1:26874]"] [listen-metrics-urls="[]"] [cors="[*]"] [host-whitelist="[*]"] [initial-cluster="pd=http://127.0.0.1:26875"] [initial-cluster-state=new] [initial-cluster-token=etcd-cluster] [quota-size-bytes=2147483648] [pre-vote=false] [initial-corrupt-check=false] [corrupt-check-time-interval=0s] [auto-compaction-mode=periodic] [auto-compaction-retention=1h0m0s] [auto-compaction-interval=1h0m0s] [discovery-url=] [discovery-proxy=]
[2026/04/28 20:57:26.670 +08:00] [INFO] [backend.go:79] ["opened backend db"] [path="\\tmp\\test_pd3076883285\\member\\snap\\db"] [took=3.7211ms]
[2026/04/28 20:57:26.674 +08:00] [INFO] [wal.go:283] ["closing WAL to release flock and retry directory renaming"] [from="\\tmp\\test_pd3076883285\\member\\wal.tmp"] [to="\\tmp\\test_pd3076883285\\member\\wal"]
[2026/04/28 20:57:26.680 +08:00] [INFO] [raft.go:456] ["starting local member"] [local-member-id=2e0d68cf9c71f857] [cluster-id=13cc1968db8f6a93]
[2026/04/28 20:57:26.680 +08:00] [INFO] [raft.go:1530] ["2e0d68cf9c71f857 switched to configuration voters=()"]
[2026/04/28 20:57:26.681 +08:00] [INFO] [raft.go:700] ["2e0d68cf9c71f857 became follower at term 0"]
[2026/04/28 20:57:26.681 +08:00] [INFO] [raft.go:383] ["newRaft 2e0d68cf9c71f857 [peers: [], term: 0, commit: 0, applied: 0, lastindex: 0, lastterm: 0]"]
[2026/04/28 20:57:26.681 +08:00] [INFO] [raft.go:700] ["2e0d68cf9c71f857 became follower at term 1"]
[2026/04/28 20:57:26.681 +08:00] [INFO] [raft.go:1530] ["2e0d68cf9c71f857 switched to configuration voters=(3318423741334157399)"]
[2026/04/28 20:57:26.691 +08:00] [WARN] [store.go:1317] ["simple token is not cryptographically signed"]
[2026/04/28 20:57:26.697 +08:00] [INFO] [quota.go:98] ["enabled backend quota with default value"] [quota-name=v3-applier] [quota-size-bytes=2147483648] [quota-size="2.1 GB"]
[2026/04/28 20:57:26.701 +08:00] [INFO] [server.go:792] ["starting etcd server"] [local-member-id=2e0d68cf9c71f857] [local-server-version=3.4.3] [cluster-version=to_be_decided]
[2026/04/28 20:57:26.702 +08:00] [WARN] [metrics.go:193] ["failed to get file descriptor usage"] [error="cannot get FDUsage on windows"]
[2026/04/28 20:57:26.702 +08:00] [INFO] [server.go:658] ["started as single-node; fast-forwarding election ticks"] [local-member-id=2e0d68cf9c71f857] [forward-ticks=29] [forward-duration=2.9s] [election-ticks=30] [election-timeout=3s]
[2026/04/28 20:57:26.702 +08:00] [INFO] [raft.go:1530] ["2e0d68cf9c71f857 switched to configuration voters=(3318423741334157399)"]
[2026/04/28 20:57:26.702 +08:00] [INFO] [cluster.go:392] ["added member"] [cluster-id=13cc1968db8f6a93] [local-member-id=2e0d68cf9c71f857] [added-peer-id=2e0d68cf9c71f857] [added-peer-peer-urls="[http://127.0.0.1:26875]"]
[2026/04/28 20:57:26.703 +08:00] [INFO] [etcd.go:576] ["serving peer traffic"] [address=127.0.0.1:26875]
[2026/04/28 20:57:26.703 +08:00] [INFO] [etcd.go:241] ["now serving peer/client/metrics"] [local-member-id=2e0d68cf9c71f857] [initial-advertise-peer-urls="[http://127.0.0.1:26875]"] [listen-peer-urls="[http://127.0.0.1:26875]"] [advertise-client-urls="[http://127.0.0.1:26874]"] [listen-client-urls="[http://127.0.0.1:26874]"] [listen-metrics-urls="[]"]
[2026/04/28 20:57:28.882 +08:00] [INFO] [raft.go:923] ["2e0d68cf9c71f857 is starting a new election at term 1"]
[2026/04/28 20:57:28.882 +08:00] [INFO] [raft.go:713] ["2e0d68cf9c71f857 became candidate at term 2"]
[2026/04/28 20:57:28.882 +08:00] [INFO] [raft.go:824] ["2e0d68cf9c71f857 received MsgVoteResp from 2e0d68cf9c71f857 at term 2"]
[2026/04/28 20:57:28.882 +08:00] [INFO] [raft.go:765] ["2e0d68cf9c71f857 became leader at term 2"]
[2026/04/28 20:57:28.882 +08:00] [INFO] [node.go:325] ["raft.node: 2e0d68cf9c71f857 elected leader 2e0d68cf9c71f857 at term 2"]
[2026/04/28 20:57:28.882 +08:00] [INFO] [server.go:2501] ["setting up initial cluster version"] [cluster-version=3.4]
[2026/04/28 20:57:28.882 +08:00] [INFO] [server.go:2016] ["published local member to cluster through raft"] [local-member-id=2e0d68cf9c71f857] [local-member-attributes="{Name:pd ClientURLs:[http://127.0.0.1:26874]}"] [request-path=/0/members/2e0d68cf9c71f857/attributes] [cluster-id=13cc1968db8f6a93] [publish-timeout=11s]
[2026/04/28 20:57:28.882 +08:00] [INFO] [server.go:189] ["create etcd v3 client"] [endpoints="[http://127.0.0.1:26874]"]
[2026/04/28 20:57:28.883 +08:00] [INFO] [serve.go:139] ["serving client traffic insecurely; this is strongly discouraged!"] [address=127.0.0.1:26874]
[2026/04/28 20:57:28.886 +08:00] [INFO] [cluster.go:558] ["set initial cluster version"] [cluster-id=13cc1968db8f6a93] [local-member-id=2e0d68cf9c71f857] [cluster-version=3.4]
[2026/04/28 20:57:28.886 +08:00] [INFO] [capability.go:76] ["enabled capabilities for version"] [cluster-version=3.4]
[2026/04/28 20:57:28.886 +08:00] [INFO] [server.go:2533] ["cluster version is updated"] [cluster-version=3.4]
[2026/04/28 20:57:28.888 +08:00] [INFO] [server.go:226] ["init cluster id"] [cluster-id=7633793475857983251]
[2026/04/28 20:57:28.890 +08:00] [INFO] [server.go:599] ["start to campaign leader"] [campaign-leader-name=pd]
[2026/04/28 20:57:28.893 +08:00] [INFO] [server.go:616] ["campaign leader ok"] [campaign-leader-name=pd]
[2026/04/28 20:57:28.896 +08:00] [INFO] [tso.go:129] ["sync and save timestamp"] [last=1754/08/30 22:43:41.128 +00:00] [save=2026/04/28 20:57:29.095 +08:00] [next=2026/04/28 20:57:28.895 +08:00]
[2026/04/28 20:57:28.898 +08:00] [INFO] [server.go:636] ["PD cluster leader is ready to serve"] [leader-name=pd]
[2026/04/28 20:57:29.015 +08:00] [INFO] [cluster.go:184] ["load stores"] [count=10] [cost=3.5979ms]
[2026/04/28 20:57:29.015 +08:00] [INFO] [server.go:271] ["closing server"]
[2026/04/28 20:57:29.015 +08:00] [INFO] [server.go:679] ["server is closed, exit etcd leader loop"]
[2026/04/28 20:57:29.015 +08:00] [INFO] [server.go:662] ["server is closed"]
[2026/04/28 20:57:29.016 +08:00] [INFO] [server.go:572] ["server is closed, return leader loop"]
[2026/04/28 20:57:29.016 +08:00] [INFO] [etcd.go:360] ["closing etcd server"] [name=pd] [data-dir="/tmp\\test_pd3076883285"] [advertise-peer-urls="[http://127.0.0.1:26875]"] [advertise-client-urls="[http://127.0.0.1:26874]"]
[2026/04/28 20:57:29.016 +08:00] [INFO] [server.go:1464] ["skipped leadership transfer for single voting member cluster"] [local-member-id=2e0d68cf9c71f857] [current-leader-member-id=2e0d68cf9c71f857]
[2026/04/28 20:57:29.016 +08:00] [WARN] [grpclog.go:60] ["transport: http2Server.HandleStreams failed to read frame: read tcp 127.0.0.1:26874->127.0.0.1:26882: use of closed network connection"]
[2026/04/28 20:57:29.025 +08:00] [INFO] [etcd.go:555] ["stopping serving peer traffic"] [address=127.0.0.1:26875]
[2026/04/28 20:57:29.025 +08:00] [INFO] [etcd.go:562] ["stopped serving peer traffic"] [address=127.0.0.1:26875]
[2026/04/28 20:57:29.025 +08:00] [INFO] [etcd.go:364] ["closed etcd server"] [name=pd] [data-dir="/tmp\\test_pd3076883285"] [advertise-peer-urls="[http://127.0.0.1:26875]"] [advertise-client-urls="[http://127.0.0.1:26874]"]
[2026/04/28 20:57:29.025 +08:00] [INFO] [server.go:290] ["close server"]

----------------------------------------------------------------------
FAIL: cluster_test.go:173: testClusterInfoSuite.TestRegionAddBackPeers3C

cluster_test.go:181:
    checkRegions(c, cluster.core.Regions, regions)
cluster_test.go:1070:
    c.Assert(a, DeepEquals, b)
... obtained *core.RegionInfo = &core.RegionInfo{meta:(*metapb.Region)(0x2624c396000), learners:[]*metapb.Peer(nil), voters:[]*metapb.Peer{(*metapb.Peer)(0x2624c070ab0), (*metapb.Peer)(0x2624c070bd0), (*metapb.Peer)(0x2624c070cf0)}, leader:(*metapb.Peer)(0x2624c070ab0), pendingPeers:[]*metapb.Peer(nil), approximateSize:0}
... expected *core.RegionInfo = &core.RegionInfo{meta:(*metapb.Region)(0x2624c396600), learners:[]*metapb.Peer(nil), voters:[]*metapb.Peer{(*metapb.Peer)(0x2624c070ab0)}, leader:(*metapb.Peer)(0x2624c20eff0), pendingPeers:[]*metapb.Peer{}, approximateSize:0}


----------------------------------------------------------------------
FAIL: cluster_test.go:162: testClusterInfoSuite.TestRegionRemovePeers3C

cluster_test.go:169:
    checkRegions(c, cluster.core.Regions, regions)
cluster_test.go:1070:
    c.Assert(a, DeepEquals, b)
... obtained *core.RegionInfo = &core.RegionInfo{meta:(*metapb.Region)(0x2624c01cc80), learners:[]*metapb.Peer(nil), voters:[]*metapb.Peer{(*metapb.Peer)(0x2624c20a2a0), (*metapb.Peer)(0x2624c20a2d0), (*metapb.Peer)(0x2624c20a300)}, leader:(*metapb.Peer)(0x2624c20a2a0), pendingPeers:[]*metapb.Peer(nil), approximateSize:0}
... expected *core.RegionInfo = &core.RegionInfo{meta:(*metapb.Region)(0x2624c01d200), learners:[]*metapb.Peer(nil), voters:[]*metapb.Peer{(*metapb.Peer)(0x2624c20a2a0)}, leader:(*metapb.Peer)(0x2624c20aa50), pendingPeers:[]*metapb.Peer{}, approximateSize:0}


----------------------------------------------------------------------
FAIL: cluster_test.go:145: testClusterInfoSuite.TestRegionRemovePendingPeer3C

cluster_test.go:157:
    checkRegions(c, cluster.core.Regions, regions)
cluster_test.go:1070:
    c.Assert(a, DeepEquals, b)
... obtained *core.RegionInfo = &core.RegionInfo{meta:(*metapb.Region)(0x2624c08ca00), learners:[]*metapb.Peer(nil), voters:[]*metapb.Peer{(*metapb.Peer)(0x2624c4cc990), (*metapb.Peer)(0x2624c4cc9c0), (*metapb.Peer)(0x2624c4cc9f0)}, leader:(*metapb.Peer)(0x2624c4cca20), pendingPeers:[]*metapb.Peer{(*metapb.Peer)(0x2624c4cc2a0)}, approximateSize:0}
... expected *core.RegionInfo = &core.RegionInfo{meta:(*metapb.Region)(0x2624c08cc00), learners:[]*metapb.Peer(nil), voters:[]*metapb.Peer{(*metapb.Peer)(0x2624c4cccf0), (*metapb.Peer)(0x2624c4ccd20), (*metapb.Peer)(0x2624c4ccd50)}, leader:(*metapb.Peer)(0x2624c4ccd80), pendingPeers:[]*metapb.Peer(nil), approximateSize:0}

[2026/04/28 20:57:29.043 +08:00] [INFO] [server.go:129] ["PD Config"] [config="{\"client-urls\":\"http://127.0.0.1:26883\",\"peer-urls\":\"http://127.0.0.1:26884\",\"advertise-client-urls\":\"http://127.0.0.1:26883\",\"advertise-peer-urls\":\"http://127.0.0.1:26884\",\"name\":\"pd\",\"data-dir\":\"/tmp\\\\test_pd3006507075\",\"force-new-cluster\":false,\"enable-grpc-gateway\":true,\"initial-cluster\":\"pd=http://127.0.0.1:26884\",\"initial-cluster-state\":\"new\",\"lease\":1,\"log\":{\"level\":\"\",\"format\":\"\",\"disable-timestamp\":false,\"file\":{\"filename\":\"\",\"max-size\":0,\"max-days\":0,\"max-backups\":0},\"development\":false,\"disable-caller\":false,\"disable-stacktrace\":false,\"disable-error-verbose\":false,\"sampling\":null},\"log-file\":\"\",\"log-level\":\"\",\"tso-save-interval\":\"200ms\",\"schedule\":{\"patrol-region-interval\":\"100ms\",\"max-store-down-time\":\"30m0s\",\"leader-schedule-limit\":4,\"region-schedule-limit\":2048,\"replica-schedule-limit\":64,\"schedulers-v2\":[{\"type\":\"balance-region\",\"args\":null,\"disable\":false,\"args-payload\":\"\"},{\"type\":\"balance-leader\",\"args\":null,\"disable\":false,\"args-payload\":\"\"}]},\"replication\":{\"max-replicas\":3},\"pd-server\":{\"max-reset-ts-gap\":86400000000000},\"quota-backend-bytes\":\"0B\",\"auto-compaction-mode\":\"periodic\",\"auto-compaction-retention-v2\":\"1h\",\"TickInterval\":\"100ms\",\"ElectionInterval\":\"3s\",\"security\":{\"cacert-path\":\"\",\"cert-path\":\"\",\"key-path\":\"\"},\"WarningMsgs\":null,\"DisableStrictReconfigCheck\":true,\"HeartbeatStreamBindInterval\":\"1m0s\",\"LeaderPriorityCheckInterval\":\"100ms\"}"]
[2026/04/28 20:57:29.043 +08:00] [INFO] [server.go:159] ["start embed etcd"]
[2026/04/28 20:57:29.044 +08:00] [INFO] [etcd.go:117] ["configuring peer listeners"] [listen-peer-urls="[http://127.0.0.1:26884]"]
[2026/04/28 20:57:29.044 +08:00] [INFO] [etcd.go:127] ["configuring client listeners"] [listen-client-urls="[http://127.0.0.1:26883]"]
[2026/04/28 20:57:29.044 +08:00] [INFO] [etcd.go:602] ["pprof is enabled"] [path=/debug/pprof]
[2026/04/28 20:57:29.044 +08:00] [INFO] [etcd.go:299] ["starting an etcd server"] [etcd-version=3.4.3] [git-sha="Not provided (use ./build instead of go build)"] [go-version=go1.26.1] [go-os=windows] [go-arch=amd64] [max-cpu-set=16] [max-cpu-available=16] [member-initialized=false] [name=pd] [data-dir="/tmp\\test_pd3006507075"] [wal-dir=] [wal-dir-dedicated=] [member-dir="\\tmp\\test_pd3006507075\\member"] [force-new-cluster=false] [heartbeat-interval=100ms] [election-timeout=3s] [initial-election-tick-advance=true] [snapshot-count=100000] [snapshot-catchup-entries=5000] [initial-advertise-peer-urls="[http://127.0.0.1:26884]"] [listen-peer-urls="[http://127.0.0.1:26884]"] [advertise-client-urls="[http://127.0.0.1:26883]"] [listen-client-urls="[http://127.0.0.1:26883]"] [listen-metrics-urls="[]"] [cors="[*]"] [host-whitelist="[*]"] [initial-cluster="pd=http://127.0.0.1:26884"] [initial-cluster-state=new] [initial-cluster-token=etcd-cluster] [quota-size-bytes=2147483648] [pre-vote=false] [initial-corrupt-check=false] [corrupt-check-time-interval=0s] [auto-compaction-mode=periodic] [auto-compaction-retention=1h0m0s] [auto-compaction-interval=1h0m0s] [discovery-url=] [discovery-proxy=]
[2026/04/28 20:57:29.047 +08:00] [INFO] [backend.go:79] ["opened backend db"] [path="\\tmp\\test_pd3006507075\\member\\snap\\db"] [took=2.523ms]
[2026/04/28 20:57:29.053 +08:00] [INFO] [wal.go:283] ["closing WAL to release flock and retry directory renaming"] [from="\\tmp\\test_pd3006507075\\member\\wal.tmp"] [to="\\tmp\\test_pd3006507075\\member\\wal"]
[2026/04/28 20:57:29.058 +08:00] [INFO] [raft.go:456] ["starting local member"] [local-member-id=606c79488f27ec28] [cluster-id=4d65fadbb425f458]
[2026/04/28 20:57:29.058 +08:00] [INFO] [raft.go:1530] ["606c79488f27ec28 switched to configuration voters=()"]
[2026/04/28 20:57:29.058 +08:00] [INFO] [raft.go:700] ["606c79488f27ec28 became follower at term 0"]
[2026/04/28 20:57:29.058 +08:00] [INFO] [raft.go:383] ["newRaft 606c79488f27ec28 [peers: [], term: 0, commit: 0, applied: 0, lastindex: 0, lastterm: 0]"]
[2026/04/28 20:57:29.058 +08:00] [INFO] [raft.go:700] ["606c79488f27ec28 became follower at term 1"]
[2026/04/28 20:57:29.058 +08:00] [INFO] [raft.go:1530] ["606c79488f27ec28 switched to configuration voters=(6948061677672197160)"]
[2026/04/28 20:57:29.069 +08:00] [WARN] [store.go:1317] ["simple token is not cryptographically signed"]
[2026/04/28 20:57:29.077 +08:00] [INFO] [server.go:792] ["starting etcd server"] [local-member-id=606c79488f27ec28] [local-server-version=3.4.3] [cluster-version=to_be_decided]
[2026/04/28 20:57:29.077 +08:00] [INFO] [server.go:658] ["started as single-node; fast-forwarding election ticks"] [local-member-id=606c79488f27ec28] [forward-ticks=29] [forward-duration=2.9s] [election-ticks=30] [election-timeout=3s]
[2026/04/28 20:57:29.077 +08:00] [WARN] [metrics.go:193] ["failed to get file descriptor usage"] [error="cannot get FDUsage on windows"]
[2026/04/28 20:57:29.077 +08:00] [INFO] [raft.go:1530] ["606c79488f27ec28 switched to configuration voters=(6948061677672197160)"]
[2026/04/28 20:57:29.078 +08:00] [INFO] [cluster.go:392] ["added member"] [cluster-id=4d65fadbb425f458] [local-member-id=606c79488f27ec28] [added-peer-id=606c79488f27ec28] [added-peer-peer-urls="[http://127.0.0.1:26884]"]
[2026/04/28 20:57:29.078 +08:00] [INFO] [etcd.go:576] ["serving peer traffic"] [address=127.0.0.1:26884]
[2026/04/28 20:57:29.078 +08:00] [INFO] [etcd.go:241] ["now serving peer/client/metrics"] [local-member-id=606c79488f27ec28] [initial-advertise-peer-urls="[http://127.0.0.1:26884]"] [listen-peer-urls="[http://127.0.0.1:26884]"] [advertise-client-urls="[http://127.0.0.1:26883]"] [listen-client-urls="[http://127.0.0.1:26883]"] [listen-metrics-urls="[]"]
[2026/04/28 20:57:31.859 +08:00] [INFO] [raft.go:923] ["606c79488f27ec28 is starting a new election at term 1"]
[2026/04/28 20:57:31.859 +08:00] [INFO] [raft.go:713] ["606c79488f27ec28 became candidate at term 2"]
[2026/04/28 20:57:31.859 +08:00] [INFO] [raft.go:824] ["606c79488f27ec28 received MsgVoteResp from 606c79488f27ec28 at term 2"]
[2026/04/28 20:57:31.859 +08:00] [INFO] [raft.go:765] ["606c79488f27ec28 became leader at term 2"]
[2026/04/28 20:57:31.859 +08:00] [INFO] [node.go:325] ["raft.node: 606c79488f27ec28 elected leader 606c79488f27ec28 at term 2"]
[2026/04/28 20:57:31.859 +08:00] [INFO] [server.go:2501] ["setting up initial cluster version"] [cluster-version=3.4]
[2026/04/28 20:57:31.868 +08:00] [INFO] [cluster.go:558] ["set initial cluster version"] [cluster-id=4d65fadbb425f458] [local-member-id=606c79488f27ec28] [cluster-version=3.4]
[2026/04/28 20:57:31.869 +08:00] [INFO] [server.go:2533] ["cluster version is updated"] [cluster-version=3.4]
[2026/04/28 20:57:31.869 +08:00] [INFO] [server.go:2016] ["published local member to cluster through raft"] [local-member-id=606c79488f27ec28] [local-member-attributes="{Name:pd ClientURLs:[http://127.0.0.1:26883]}"] [request-path=/0/members/606c79488f27ec28/attributes] [cluster-id=4d65fadbb425f458] [publish-timeout=11s]
[2026/04/28 20:57:31.869 +08:00] [INFO] [server.go:189] ["create etcd v3 client"] [endpoints="[http://127.0.0.1:26883]"]
[2026/04/28 20:57:31.869 +08:00] [INFO] [serve.go:139] ["serving client traffic insecurely; this is strongly discouraged!"] [address=127.0.0.1:26883]
[2026/04/28 20:57:31.872 +08:00] [INFO] [server.go:226] ["init cluster id"] [cluster-id=7633793489727894760]
[2026/04/28 20:57:31.874 +08:00] [INFO] [server.go:599] ["start to campaign leader"] [campaign-leader-name=pd]
[2026/04/28 20:57:31.878 +08:00] [INFO] [server.go:616] ["campaign leader ok"] [campaign-leader-name=pd]
[2026/04/28 20:57:31.880 +08:00] [INFO] [tso.go:129] ["sync and save timestamp"] [last=1754/08/30 22:43:41.128 +00:00] [save=2026/04/28 20:57:32.080 +08:00] [next=2026/04/28 20:57:31.880 +08:00]
[2026/04/28 20:57:31.882 +08:00] [INFO] [server.go:636] ["PD cluster leader is ready to serve"] [leader-name=pd]
[2026/04/28 20:57:31.973 +08:00] [INFO] [id.go:110] ["idAllocator allocates a new id"] [alloc-id=1000]
[2026/04/28 20:57:31.974 +08:00] [INFO] [server.go:333] ["try to bootstrap raft cluster"] [cluster-id=7633793489727894760] [request="header:<cluster_id:7633793489727894760 > store:<id:1 address:\"127.0.0.1:0\" > "]
[2026/04/28 20:57:31.976 +08:00] [INFO] [server.go:383] ["bootstrap cluster ok"] [cluster-id=7633793489727894760]
[2026/04/28 20:57:31.980 +08:00] [INFO] [cluster.go:184] ["load stores"] [count=1] [cost=1.0302ms]
[2026/04/28 20:57:31.980 +08:00] [INFO] [coordinator.go:125] ["coordinator starts to collect cluster information"]
[2026/04/28 20:57:31.980 +08:00] [INFO] [coordinator.go:128] ["coordinator has finished cluster information preparation"]
[2026/04/28 20:57:31.980 +08:00] [INFO] [coordinator.go:138] ["coordinator starts to run schedulers"]
[2026/04/28 20:57:31.981 +08:00] [INFO] [server.go:271] ["closing server"]
[2026/04/28 20:57:31.981 +08:00] [INFO] [server.go:679] ["server is closed, exit etcd leader loop"]
[2026/04/28 20:57:31.981 +08:00] [INFO] [server.go:662] ["server is closed"]
[2026/04/28 20:57:31.981 +08:00] [INFO] [cluster.go:201] ["background jobs has been stopped"]
[2026/04/28 20:57:31.981 +08:00] [INFO] [coordinator.go:202] ["create scheduler"] [scheduler-name=balance-region-scheduler]
[2026/04/28 20:57:31.981 +08:00] [INFO] [coordinator.go:308] ["scheduler has been stopped"] [scheduler-name=balance-region-scheduler] [error="context canceled"]
[2026/04/28 20:57:31.984 +08:00] [INFO] [coordinator.go:202] ["create scheduler"] [scheduler-name=balance-leader-scheduler]
[2026/04/28 20:57:31.984 +08:00] [INFO] [coordinator.go:308] ["scheduler has been stopped"] [scheduler-name=balance-leader-scheduler] [error="context canceled"]
[2026/04/28 20:57:31.984 +08:00] [INFO] [coordinator.go:85] ["coordinator starts patrol regions"]
[2026/04/28 20:57:31.984 +08:00] [INFO] [cluster.go:218] ["coordinator is stopping"]
[2026/04/28 20:57:31.984 +08:00] [INFO] [coordinator.go:92] ["patrol regions has been stopped"]
[2026/04/28 20:57:31.984 +08:00] [INFO] [cluster.go:214] ["coordinator has been stopped"]
[2026/04/28 20:57:31.986 +08:00] [INFO] [server.go:572] ["server is closed, return leader loop"]
[2026/04/28 20:57:31.986 +08:00] [INFO] [etcd.go:360] ["closing etcd server"] [name=pd] [data-dir="/tmp\\test_pd3006507075"] [advertise-peer-urls="[http://127.0.0.1:26884]"] [advertise-client-urls="[http://127.0.0.1:26883]"]
[2026/04/28 20:57:31.986 +08:00] [INFO] [server.go:1464] ["skipped leadership transfer for single voting member cluster"] [local-member-id=606c79488f27ec28] [current-leader-member-id=606c79488f27ec28]
[2026/04/28 20:57:31.986 +08:00] [WARN] [grpclog.go:60] ["transport: http2Server.HandleStreams failed to read frame: read tcp 127.0.0.1:26883->127.0.0.1:26893: use of closed network connection"]
[2026/04/28 20:57:31.986 +08:00] [WARN] [grpclog.go:60] ["grpc: addrConn.createTransport failed to connect to {127.0.0.1:26883 0  <nil>}. Err :connection error: desc = \"transport: Error while dialing dial tcp 127.0.0.1:26883: connectex: No connection could be made because the target machine actively refused it.\". Reconnecting..."]
[2026/04/28 20:57:31.994 +08:00] [INFO] [etcd.go:555] ["stopping serving peer traffic"] [address=127.0.0.1:26884]
[2026/04/28 20:57:31.995 +08:00] [INFO] [etcd.go:562] ["stopped serving peer traffic"] [address=127.0.0.1:26884]
[2026/04/28 20:57:31.995 +08:00] [INFO] [etcd.go:364] ["closed etcd server"] [name=pd] [data-dir="/tmp\\test_pd3006507075"] [advertise-peer-urls="[http://127.0.0.1:26884]"] [advertise-client-urls="[http://127.0.0.1:26883]"]
[2026/04/28 20:57:31.995 +08:00] [INFO] [server.go:290] ["close server"]
[2026/04/28 20:57:31.998 +08:00] [INFO] [server.go:129] ["PD Config"] [config="{\"client-urls\":\"http://127.0.0.1:26896\",\"peer-urls\":\"http://127.0.0.1:26897\",\"advertise-client-urls\":\"http://127.0.0.1:26896\",\"advertise-peer-urls\":\"http://127.0.0.1:26897\",\"name\":\"pd\",\"data-dir\":\"/tmp\\\\test_pd2927522344\",\"force-new-cluster\":false,\"enable-grpc-gateway\":true,\"initial-cluster\":\"pd=http://127.0.0.1:26897\",\"initial-cluster-state\":\"new\",\"lease\":1,\"log\":{\"level\":\"\",\"format\":\"\",\"disable-timestamp\":false,\"file\":{\"filename\":\"\",\"max-size\":0,\"max-days\":0,\"max-backups\":0},\"development\":false,\"disable-caller\":false,\"disable-stacktrace\":false,\"disable-error-verbose\":false,\"sampling\":null},\"log-file\":\"\",\"log-level\":\"\",\"tso-save-interval\":\"200ms\",\"schedule\":{\"patrol-region-interval\":\"100ms\",\"max-store-down-time\":\"30m0s\",\"leader-schedule-limit\":4,\"region-schedule-limit\":2048,\"replica-schedule-limit\":64,\"schedulers-v2\":[{\"type\":\"balance-region\",\"args\":null,\"disable\":false,\"args-payload\":\"\"},{\"type\":\"balance-leader\",\"args\":null,\"disable\":false,\"args-payload\":\"\"}]},\"replication\":{\"max-replicas\":3},\"pd-server\":{\"max-reset-ts-gap\":86400000000000},\"quota-backend-bytes\":\"0B\",\"auto-compaction-mode\":\"periodic\",\"auto-compaction-retention-v2\":\"1h\",\"TickInterval\":\"100ms\",\"ElectionInterval\":\"3s\",\"security\":{\"cacert-path\":\"\",\"cert-path\":\"\",\"key-path\":\"\"},\"WarningMsgs\":null,\"DisableStrictReconfigCheck\":true,\"HeartbeatStreamBindInterval\":\"1m0s\",\"LeaderPriorityCheckInterval\":\"100ms\"}"]
[2026/04/28 20:57:31.998 +08:00] [INFO] [server.go:159] ["start embed etcd"]
[2026/04/28 20:57:31.998 +08:00] [INFO] [etcd.go:117] ["configuring peer listeners"] [listen-peer-urls="[http://127.0.0.1:26897]"]
[2026/04/28 20:57:31.998 +08:00] [INFO] [etcd.go:127] ["configuring client listeners"] [listen-client-urls="[http://127.0.0.1:26896]"]
[2026/04/28 20:57:31.998 +08:00] [INFO] [etcd.go:602] ["pprof is enabled"] [path=/debug/pprof]
[2026/04/28 20:57:31.998 +08:00] [INFO] [etcd.go:299] ["starting an etcd server"] [etcd-version=3.4.3] [git-sha="Not provided (use ./build instead of go build)"] [go-version=go1.26.1] [go-os=windows] [go-arch=amd64] [max-cpu-set=16] [max-cpu-available=16] [member-initialized=false] [name=pd] [data-dir="/tmp\\test_pd2927522344"] [wal-dir=] [wal-dir-dedicated=] [member-dir="\\tmp\\test_pd2927522344\\member"] [force-new-cluster=false] [heartbeat-interval=100ms] [election-timeout=3s] [initial-election-tick-advance=true] [snapshot-count=100000] [snapshot-catchup-entries=5000] [initial-advertise-peer-urls="[http://127.0.0.1:26897]"] [listen-peer-urls="[http://127.0.0.1:26897]"] [advertise-client-urls="[http://127.0.0.1:26896]"] [listen-client-urls="[http://127.0.0.1:26896]"] [listen-metrics-urls="[]"] [cors="[*]"] [host-whitelist="[*]"] [initial-cluster="pd=http://127.0.0.1:26897"] [initial-cluster-state=new] [initial-cluster-token=etcd-cluster] [quota-size-bytes=2147483648] [pre-vote=false] [initial-corrupt-check=false] [corrupt-check-time-interval=0s] [auto-compaction-mode=periodic] [auto-compaction-retention=1h0m0s] [auto-compaction-interval=1h0m0s] [discovery-url=] [discovery-proxy=]
[2026/04/28 20:57:32.004 +08:00] [INFO] [backend.go:79] ["opened backend db"] [path="\\tmp\\test_pd2927522344\\member\\snap\\db"] [took=3.6151ms]
[2026/04/28 20:57:32.010 +08:00] [INFO] [wal.go:283] ["closing WAL to release flock and retry directory renaming"] [from="\\tmp\\test_pd2927522344\\member\\wal.tmp"] [to="\\tmp\\test_pd2927522344\\member\\wal"]
[2026/04/28 20:57:32.016 +08:00] [INFO] [raft.go:456] ["starting local member"] [local-member-id=ac616fb2fe671dce] [cluster-id=6cfd9c7e0c5d8529]
[2026/04/28 20:57:32.016 +08:00] [INFO] [raft.go:1530] ["ac616fb2fe671dce switched to configuration voters=()"]
[2026/04/28 20:57:32.016 +08:00] [INFO] [raft.go:700] ["ac616fb2fe671dce became follower at term 0"]
[2026/04/28 20:57:32.016 +08:00] [INFO] [raft.go:383] ["newRaft ac616fb2fe671dce [peers: [], term: 0, commit: 0, applied: 0, lastindex: 0, lastterm: 0]"]
[2026/04/28 20:57:32.016 +08:00] [INFO] [raft.go:700] ["ac616fb2fe671dce became follower at term 1"]
[2026/04/28 20:57:32.016 +08:00] [INFO] [raft.go:1530] ["ac616fb2fe671dce switched to configuration voters=(12421332061827571150)"]
[2026/04/28 20:57:32.030 +08:00] [WARN] [store.go:1317] ["simple token is not cryptographically signed"]
[2026/04/28 20:57:32.038 +08:00] [INFO] [server.go:792] ["starting etcd server"] [local-member-id=ac616fb2fe671dce] [local-server-version=3.4.3] [cluster-version=to_be_decided]
[2026/04/28 20:57:32.038 +08:00] [INFO] [server.go:658] ["started as single-node; fast-forwarding election ticks"] [local-member-id=ac616fb2fe671dce] [forward-ticks=29] [forward-duration=2.9s] [election-ticks=30] [election-timeout=3s]
[2026/04/28 20:57:32.038 +08:00] [WARN] [metrics.go:193] ["failed to get file descriptor usage"] [error="cannot get FDUsage on windows"]
[2026/04/28 20:57:32.038 +08:00] [INFO] [raft.go:1530] ["ac616fb2fe671dce switched to configuration voters=(12421332061827571150)"]
[2026/04/28 20:57:32.038 +08:00] [INFO] [cluster.go:392] ["added member"] [cluster-id=6cfd9c7e0c5d8529] [local-member-id=ac616fb2fe671dce] [added-peer-id=ac616fb2fe671dce] [added-peer-peer-urls="[http://127.0.0.1:26897]"]
[2026/04/28 20:57:32.038 +08:00] [INFO] [etcd.go:576] ["serving peer traffic"] [address=127.0.0.1:26897]
[2026/04/28 20:57:32.039 +08:00] [INFO] [etcd.go:241] ["now serving peer/client/metrics"] [local-member-id=ac616fb2fe671dce] [initial-advertise-peer-urls="[http://127.0.0.1:26897]"] [listen-peer-urls="[http://127.0.0.1:26897]"] [advertise-client-urls="[http://127.0.0.1:26896]"] [listen-client-urls="[http://127.0.0.1:26896]"] [listen-metrics-urls="[]"]
[2026/04/28 20:57:32.987 +08:00] [WARN] [grpclog.go:60] ["grpc: addrConn.createTransport failed to connect to {127.0.0.1:26883 0  <nil>}. Err :connection error: desc = \"transport: Error while dialing dial tcp 127.0.0.1:26883: connectex: No connection could be made because the target machine actively refused it.\". Reconnecting..."]
[2026/04/28 20:57:33.418 +08:00] [INFO] [raft.go:923] ["ac616fb2fe671dce is starting a new election at term 1"]
[2026/04/28 20:57:33.418 +08:00] [INFO] [raft.go:713] ["ac616fb2fe671dce became candidate at term 2"]
[2026/04/28 20:57:33.418 +08:00] [INFO] [raft.go:824] ["ac616fb2fe671dce received MsgVoteResp from ac616fb2fe671dce at term 2"]
[2026/04/28 20:57:33.418 +08:00] [INFO] [raft.go:765] ["ac616fb2fe671dce became leader at term 2"]
[2026/04/28 20:57:33.418 +08:00] [INFO] [node.go:325] ["raft.node: ac616fb2fe671dce elected leader ac616fb2fe671dce at term 2"]
[2026/04/28 20:57:33.418 +08:00] [INFO] [server.go:2016] ["published local member to cluster through raft"] [local-member-id=ac616fb2fe671dce] [local-member-attributes="{Name:pd ClientURLs:[http://127.0.0.1:26896]}"] [request-path=/0/members/ac616fb2fe671dce/attributes] [cluster-id=6cfd9c7e0c5d8529] [publish-timeout=11s]
[2026/04/28 20:57:33.418 +08:00] [INFO] [server.go:189] ["create etcd v3 client"] [endpoints="[http://127.0.0.1:26896]"]
[2026/04/28 20:57:33.418 +08:00] [INFO] [server.go:2501] ["setting up initial cluster version"] [cluster-version=3.4]
[2026/04/28 20:57:33.418 +08:00] [INFO] [serve.go:139] ["serving client traffic insecurely; this is strongly discouraged!"] [address=127.0.0.1:26896]
[2026/04/28 20:57:33.427 +08:00] [INFO] [cluster.go:558] ["set initial cluster version"] [cluster-id=6cfd9c7e0c5d8529] [local-member-id=ac616fb2fe671dce] [cluster-version=3.4]
[2026/04/28 20:57:33.427 +08:00] [INFO] [server.go:2533] ["cluster version is updated"] [cluster-version=3.4]
[2026/04/28 20:57:33.430 +08:00] [INFO] [server.go:226] ["init cluster id"] [cluster-id=7633793495885358968]
[2026/04/28 20:57:33.431 +08:00] [INFO] [server.go:599] ["start to campaign leader"] [campaign-leader-name=pd]
[2026/04/28 20:57:33.434 +08:00] [INFO] [server.go:616] ["campaign leader ok"] [campaign-leader-name=pd]
[2026/04/28 20:57:33.437 +08:00] [INFO] [tso.go:129] ["sync and save timestamp"] [last=1754/08/30 22:43:41.128 +00:00] [save=2026/04/28 20:57:33.636 +08:00] [next=2026/04/28 20:57:33.436 +08:00]
[2026/04/28 20:57:33.439 +08:00] [INFO] [server.go:636] ["PD cluster leader is ready to serve"] [leader-name=pd]
[2026/04/28 20:57:33.531 +08:00] [INFO] [id.go:110] ["idAllocator allocates a new id"] [alloc-id=1000]
[2026/04/28 20:57:33.531 +08:00] [INFO] [server.go:333] ["try to bootstrap raft cluster"] [cluster-id=7633793495885358968] [request="header:<cluster_id:7633793495885358968 > store:<id:1 address:\"127.0.0.1:0\" > "]
[2026/04/28 20:57:33.533 +08:00] [INFO] [server.go:383] ["bootstrap cluster ok"] [cluster-id=7633793495885358968]
[2026/04/28 20:57:33.537 +08:00] [INFO] [cluster.go:184] ["load stores"] [count=1] [cost=1.2195ms]
[2026/04/28 20:57:33.537 +08:00] [INFO] [coordinator.go:125] ["coordinator starts to collect cluster information"]
[2026/04/28 20:57:33.537 +08:00] [INFO] [coordinator.go:128] ["coordinator has finished cluster information preparation"]
[2026/04/28 20:57:33.537 +08:00] [INFO] [coordinator.go:138] ["coordinator starts to run schedulers"]
[2026/04/28 20:57:33.537 +08:00] [INFO] [coordinator.go:202] ["create scheduler"] [scheduler-name=balance-region-scheduler]
[2026/04/28 20:57:33.537 +08:00] [INFO] [coordinator.go:202] ["create scheduler"] [scheduler-name=balance-leader-scheduler]
[2026/04/28 20:57:33.537 +08:00] [INFO] [coordinator.go:85] ["coordinator starts patrol regions"]
[2026/04/28 20:57:33.537 +08:00] [INFO] [grpc_service.go:222] ["put store ok"] [store="id:2 address:\"127.0.1.1:0\" "]
[2026/04/28 20:57:33.537 +08:00] [INFO] [grpc_service.go:222] ["put store ok"] [store="id:3 address:\"127.0.1.1:1\" "]
[2026/04/28 20:57:33.537 +08:00] [INFO] [grpc_service.go:222] ["put store ok"] [store="id:4 address:\"127.0.1.1:2\" "]
[2026/04/28 20:57:33.539 +08:00] [INFO] [id.go:110] ["idAllocator allocates a new id"] [alloc-id=2000]
[2026/04/28 20:57:33.543 +08:00] [INFO] [id.go:110] ["idAllocator allocates a new id"] [alloc-id=3000]
[2026/04/28 20:57:33.546 +08:00] [INFO] [id.go:110] ["idAllocator allocates a new id"] [alloc-id=4000]
[2026/04/28 20:57:33.549 +08:00] [INFO] [id.go:110] ["idAllocator allocates a new id"] [alloc-id=5000]
[2026/04/28 20:57:33.561 +08:00] [INFO] [server.go:679] ["server is closed, exit etcd leader loop"]
[2026/04/28 20:57:33.561 +08:00] [INFO] [coordinator.go:308] ["scheduler has been stopped"] [scheduler-name=balance-leader-scheduler] [error="context canceled"]
[2026/04/28 20:57:33.561 +08:00] [INFO] [server.go:271] ["closing server"]
[2026/04/28 20:57:33.561 +08:00] [INFO] [coordinator.go:92] ["patrol regions has been stopped"]
[2026/04/28 20:57:33.561 +08:00] [INFO] [coordinator.go:308] ["scheduler has been stopped"] [scheduler-name=balance-region-scheduler] [error="context canceled"]
[2026/04/28 20:57:33.561 +08:00] [INFO] [cluster.go:218] ["coordinator is stopping"]
[2026/04/28 20:57:33.561 +08:00] [INFO] [cluster.go:214] ["coordinator has been stopped"]
[2026/04/28 20:57:33.561 +08:00] [INFO] [server.go:662] ["server is closed"]
[2026/04/28 20:57:33.561 +08:00] [INFO] [cluster.go:201] ["background jobs has been stopped"]
[2026/04/28 20:57:33.561 +08:00] [INFO] [server.go:572] ["server is closed, return leader loop"]
[2026/04/28 20:57:33.561 +08:00] [INFO] [etcd.go:360] ["closing etcd server"] [name=pd] [data-dir="/tmp\\test_pd2927522344"] [advertise-peer-urls="[http://127.0.0.1:26897]"] [advertise-client-urls="[http://127.0.0.1:26896]"]
[2026/04/28 20:57:33.561 +08:00] [INFO] [server.go:1464] ["skipped leadership transfer for single voting member cluster"] [local-member-id=ac616fb2fe671dce] [current-leader-member-id=ac616fb2fe671dce]
[2026/04/28 20:57:33.561 +08:00] [WARN] [grpclog.go:60] ["transport: http2Server.HandleStreams failed to read frame: read tcp 127.0.0.1:26896->127.0.0.1:26903: use of closed network connection"]
[2026/04/28 20:57:33.561 +08:00] [WARN] [grpclog.go:60] ["transport: http2Server.HandleStreams failed to read frame: read tcp 127.0.0.1:26896->127.0.0.1:26904: use of closed network connection"]
[2026/04/28 20:57:33.562 +08:00] [WARN] [grpclog.go:60] ["grpc: addrConn.createTransport failed to connect to {127.0.0.1:26896 0  <nil>}. Err :connection error: desc = \"transport: Error while dialing dial tcp 127.0.0.1:26896: connectex: No connection could be made because the target machine actively refused it.\". Reconnecting..."]
[2026/04/28 20:57:33.571 +08:00] [INFO] [etcd.go:555] ["stopping serving peer traffic"] [address=127.0.0.1:26897]
[2026/04/28 20:57:33.572 +08:00] [INFO] [etcd.go:562] ["stopped serving peer traffic"] [address=127.0.0.1:26897]
[2026/04/28 20:57:33.572 +08:00] [INFO] [etcd.go:364] ["closed etcd server"] [name=pd] [data-dir="/tmp\\test_pd2927522344"] [advertise-peer-urls="[http://127.0.0.1:26897]"] [advertise-client-urls="[http://127.0.0.1:26896]"]
[2026/04/28 20:57:33.572 +08:00] [INFO] [server.go:290] ["close server"]
[2026/04/28 20:57:33.576 +08:00] [INFO] [server.go:129] ["PD Config"] [config="{\"client-urls\":\"http://127.0.0.1:26906\",\"peer-urls\":\"http://127.0.0.1:26907\",\"advertise-client-urls\":\"http://127.0.0.1:26906\",\"advertise-peer-urls\":\"http://127.0.0.1:26907\",\"name\":\"pd\",\"data-dir\":\"/tmp\\\\test_pd2614836479\",\"force-new-cluster\":false,\"enable-grpc-gateway\":true,\"initial-cluster\":\"pd=http://127.0.0.1:26907\",\"initial-cluster-state\":\"new\",\"lease\":1,\"log\":{\"level\":\"\",\"format\":\"\",\"disable-timestamp\":false,\"file\":{\"filename\":\"\",\"max-size\":0,\"max-days\":0,\"max-backups\":0},\"development\":false,\"disable-caller\":false,\"disable-stacktrace\":false,\"disable-error-verbose\":false,\"sampling\":null},\"log-file\":\"\",\"log-level\":\"\",\"tso-save-interval\":\"200ms\",\"schedule\":{\"patrol-region-interval\":\"100ms\",\"max-store-down-time\":\"30m0s\",\"leader-schedule-limit\":4,\"region-schedule-limit\":2048,\"replica-schedule-limit\":64,\"schedulers-v2\":[{\"type\":\"balance-region\",\"args\":null,\"disable\":false,\"args-payload\":\"\"},{\"type\":\"balance-leader\",\"args\":null,\"disable\":false,\"args-payload\":\"\"}]},\"replication\":{\"max-replicas\":3},\"pd-server\":{\"max-reset-ts-gap\":86400000000000},\"quota-backend-bytes\":\"0B\",\"auto-compaction-mode\":\"periodic\",\"auto-compaction-retention-v2\":\"1h\",\"TickInterval\":\"100ms\",\"ElectionInterval\":\"3s\",\"security\":{\"cacert-path\":\"\",\"cert-path\":\"\",\"key-path\":\"\"},\"WarningMsgs\":null,\"DisableStrictReconfigCheck\":true,\"HeartbeatStreamBindInterval\":\"1m0s\",\"LeaderPriorityCheckInterval\":\"100ms\"}"]
[2026/04/28 20:57:33.577 +08:00] [INFO] [server.go:159] ["start embed etcd"]
[2026/04/28 20:57:33.577 +08:00] [INFO] [etcd.go:117] ["configuring peer listeners"] [listen-peer-urls="[http://127.0.0.1:26907]"]
[2026/04/28 20:57:33.577 +08:00] [INFO] [etcd.go:127] ["configuring client listeners"] [listen-client-urls="[http://127.0.0.1:26906]"]
[2026/04/28 20:57:33.577 +08:00] [INFO] [etcd.go:602] ["pprof is enabled"] [path=/debug/pprof]
[2026/04/28 20:57:33.577 +08:00] [INFO] [etcd.go:299] ["starting an etcd server"] [etcd-version=3.4.3] [git-sha="Not provided (use ./build instead of go build)"] [go-version=go1.26.1] [go-os=windows] [go-arch=amd64] [max-cpu-set=16] [max-cpu-available=16] [member-initialized=false] [name=pd] [data-dir="/tmp\\test_pd2614836479"] [wal-dir=] [wal-dir-dedicated=] [member-dir="\\tmp\\test_pd2614836479\\member"] [force-new-cluster=false] [heartbeat-interval=100ms] [election-timeout=3s] [initial-election-tick-advance=true] [snapshot-count=100000] [snapshot-catchup-entries=5000] [initial-advertise-peer-urls="[http://127.0.0.1:26907]"] [listen-peer-urls="[http://127.0.0.1:26907]"] [advertise-client-urls="[http://127.0.0.1:26906]"] [listen-client-urls="[http://127.0.0.1:26906]"] [listen-metrics-urls="[]"] [cors="[*]"] [host-whitelist="[*]"] [initial-cluster="pd=http://127.0.0.1:26907"] [initial-cluster-state=new] [initial-cluster-token=etcd-cluster] [quota-size-bytes=2147483648] [pre-vote=false] [initial-corrupt-check=false] [corrupt-check-time-interval=0s] [auto-compaction-mode=periodic] [auto-compaction-retention=1h0m0s] [auto-compaction-interval=1h0m0s] [discovery-url=] [discovery-proxy=]
[2026/04/28 20:57:33.583 +08:00] [INFO] [backend.go:79] ["opened backend db"] [path="\\tmp\\test_pd2614836479\\member\\snap\\db"] [took=3.5725ms]
[2026/04/28 20:57:33.589 +08:00] [INFO] [wal.go:283] ["closing WAL to release flock and retry directory renaming"] [from="\\tmp\\test_pd2614836479\\member\\wal.tmp"] [to="\\tmp\\test_pd2614836479\\member\\wal"]
[2026/04/28 20:57:33.598 +08:00] [INFO] [raft.go:456] ["starting local member"] [local-member-id=8db4d81d4d59aa47] [cluster-id=8e5704aaebc3c075]
[2026/04/28 20:57:33.598 +08:00] [INFO] [raft.go:1530] ["8db4d81d4d59aa47 switched to configuration voters=()"]
[2026/04/28 20:57:33.598 +08:00] [INFO] [raft.go:700] ["8db4d81d4d59aa47 became follower at term 0"]
[2026/04/28 20:57:33.598 +08:00] [INFO] [raft.go:383] ["newRaft 8db4d81d4d59aa47 [peers: [], term: 0, commit: 0, applied: 0, lastindex: 0, lastterm: 0]"]
[2026/04/28 20:57:33.598 +08:00] [INFO] [raft.go:700] ["8db4d81d4d59aa47 became follower at term 1"]
[2026/04/28 20:57:33.598 +08:00] [INFO] [raft.go:1530] ["8db4d81d4d59aa47 switched to configuration voters=(10211023875519130183)"]
[2026/04/28 20:57:33.614 +08:00] [WARN] [store.go:1317] ["simple token is not cryptographically signed"]
[2026/04/28 20:57:33.622 +08:00] [INFO] [server.go:792] ["starting etcd server"] [local-member-id=8db4d81d4d59aa47] [local-server-version=3.4.3] [cluster-version=to_be_decided]
[2026/04/28 20:57:33.622 +08:00] [WARN] [metrics.go:193] ["failed to get file descriptor usage"] [error="cannot get FDUsage on windows"]
[2026/04/28 20:57:33.622 +08:00] [INFO] [server.go:658] ["started as single-node; fast-forwarding election ticks"] [local-member-id=8db4d81d4d59aa47] [forward-ticks=29] [forward-duration=2.9s] [election-ticks=30] [election-timeout=3s]
[2026/04/28 20:57:33.623 +08:00] [INFO] [raft.go:1530] ["8db4d81d4d59aa47 switched to configuration voters=(10211023875519130183)"]
[2026/04/28 20:57:33.623 +08:00] [INFO] [cluster.go:392] ["added member"] [cluster-id=8e5704aaebc3c075] [local-member-id=8db4d81d4d59aa47] [added-peer-id=8db4d81d4d59aa47] [added-peer-peer-urls="[http://127.0.0.1:26907]"]
[2026/04/28 20:57:33.623 +08:00] [INFO] [etcd.go:576] ["serving peer traffic"] [address=127.0.0.1:26907]
[2026/04/28 20:57:33.623 +08:00] [INFO] [etcd.go:241] ["now serving peer/client/metrics"] [local-member-id=8db4d81d4d59aa47] [initial-advertise-peer-urls="[http://127.0.0.1:26907]"] [listen-peer-urls="[http://127.0.0.1:26907]"] [advertise-client-urls="[http://127.0.0.1:26906]"] [listen-client-urls="[http://127.0.0.1:26906]"] [listen-metrics-urls="[]"]
[2026/04/28 20:57:33.800 +08:00] [INFO] [raft.go:923] ["8db4d81d4d59aa47 is starting a new election at term 1"]
[2026/04/28 20:57:33.800 +08:00] [INFO] [raft.go:713] ["8db4d81d4d59aa47 became candidate at term 2"]
[2026/04/28 20:57:33.800 +08:00] [INFO] [raft.go:824] ["8db4d81d4d59aa47 received MsgVoteResp from 8db4d81d4d59aa47 at term 2"]
[2026/04/28 20:57:33.800 +08:00] [INFO] [raft.go:765] ["8db4d81d4d59aa47 became leader at term 2"]
[2026/04/28 20:57:33.800 +08:00] [INFO] [node.go:325] ["raft.node: 8db4d81d4d59aa47 elected leader 8db4d81d4d59aa47 at term 2"]
[2026/04/28 20:57:33.800 +08:00] [INFO] [server.go:2501] ["setting up initial cluster version"] [cluster-version=3.4]
[2026/04/28 20:57:33.803 +08:00] [INFO] [cluster.go:558] ["set initial cluster version"] [cluster-id=8e5704aaebc3c075] [local-member-id=8db4d81d4d59aa47] [cluster-version=3.4]
[2026/04/28 20:57:33.803 +08:00] [INFO] [server.go:189] ["create etcd v3 client"] [endpoints="[http://127.0.0.1:26906]"]
[2026/04/28 20:57:33.803 +08:00] [INFO] [server.go:2016] ["published local member to cluster through raft"] [local-member-id=8db4d81d4d59aa47] [local-member-attributes="{Name:pd ClientURLs:[http://127.0.0.1:26906]}"] [request-path=/0/members/8db4d81d4d59aa47/attributes] [cluster-id=8e5704aaebc3c075] [publish-timeout=11s]
[2026/04/28 20:57:33.803 +08:00] [INFO] [server.go:2533] ["cluster version is updated"] [cluster-version=3.4]
[2026/04/28 20:57:33.804 +08:00] [INFO] [serve.go:139] ["serving client traffic insecurely; this is strongly discouraged!"] [address=127.0.0.1:26906]
[2026/04/28 20:57:33.806 +08:00] [INFO] [server.go:226] ["init cluster id"] [cluster-id=7633793496499642480]
[2026/04/28 20:57:33.808 +08:00] [INFO] [server.go:599] ["start to campaign leader"] [campaign-leader-name=pd]
[2026/04/28 20:57:33.811 +08:00] [INFO] [server.go:616] ["campaign leader ok"] [campaign-leader-name=pd]
[2026/04/28 20:57:33.814 +08:00] [INFO] [tso.go:129] ["sync and save timestamp"] [last=1754/08/30 22:43:41.128 +00:00] [save=2026/04/28 20:57:34.013 +08:00] [next=2026/04/28 20:57:33.813 +08:00]
[2026/04/28 20:57:33.817 +08:00] [INFO] [server.go:636] ["PD cluster leader is ready to serve"] [leader-name=pd]
[2026/04/28 20:57:33.907 +08:00] [INFO] [server.go:679] ["server is closed, exit etcd leader loop"]
[2026/04/28 20:57:33.907 +08:00] [INFO] [server.go:662] ["server is closed"]
[2026/04/28 20:57:33.907 +08:00] [INFO] [server.go:271] ["closing server"]
[2026/04/28 20:57:33.908 +08:00] [INFO] [server.go:572] ["server is closed, return leader loop"]
[2026/04/28 20:57:33.908 +08:00] [INFO] [etcd.go:360] ["closing etcd server"] [name=pd] [data-dir="/tmp\\test_pd2614836479"] [advertise-peer-urls="[http://127.0.0.1:26907]"] [advertise-client-urls="[http://127.0.0.1:26906]"]
[2026/04/28 20:57:33.908 +08:00] [INFO] [server.go:1464] ["skipped leadership transfer for single voting member cluster"] [local-member-id=8db4d81d4d59aa47] [current-leader-member-id=8db4d81d4d59aa47]
[2026/04/28 20:57:33.908 +08:00] [WARN] [grpclog.go:60] ["transport: http2Server.HandleStreams failed to read frame: read tcp 127.0.0.1:26906->127.0.0.1:26912: use of closed network connection"]
[2026/04/28 20:57:33.908 +08:00] [WARN] [grpclog.go:60] ["grpc: addrConn.createTransport failed to connect to {127.0.0.1:26906 0  <nil>}. Err :connection error: desc = \"transport: Error while dialing dial tcp 127.0.0.1:26906: connectex: No connection could be made because the target machine actively refused it.\". Reconnecting..."]
[2026/04/28 20:57:33.920 +08:00] [INFO] [etcd.go:555] ["stopping serving peer traffic"] [address=127.0.0.1:26907]
[2026/04/28 20:57:33.920 +08:00] [INFO] [etcd.go:562] ["stopped serving peer traffic"] [address=127.0.0.1:26907]
[2026/04/28 20:57:33.920 +08:00] [INFO] [etcd.go:364] ["closed etcd server"] [name=pd] [data-dir="/tmp\\test_pd2614836479"] [advertise-peer-urls="[http://127.0.0.1:26907]"] [advertise-client-urls="[http://127.0.0.1:26906]"]
[2026/04/28 20:57:33.920 +08:00] [INFO] [server.go:290] ["close server"]
[2026/04/28 20:57:33.924 +08:00] [INFO] [server.go:129] ["PD Config"] [config="{\"client-urls\":\"http://127.0.0.1:26915\",\"peer-urls\":\"http://127.0.0.1:26916\",\"advertise-client-urls\":\"http://127.0.0.1:26915\",\"advertise-peer-urls\":\"http://127.0.0.1:26916\",\"name\":\"pd\",\"data-dir\":\"/tmp\\\\test_pd733961529\",\"force-new-cluster\":false,\"enable-grpc-gateway\":true,\"initial-cluster\":\"pd=http://127.0.0.1:26916\",\"initial-cluster-state\":\"new\",\"lease\":1,\"log\":{\"level\":\"\",\"format\":\"\",\"disable-timestamp\":false,\"file\":{\"filename\":\"\",\"max-size\":0,\"max-days\":0,\"max-backups\":0},\"development\":false,\"disable-caller\":false,\"disable-stacktrace\":false,\"disable-error-verbose\":false,\"sampling\":null},\"log-file\":\"\",\"log-level\":\"\",\"tso-save-interval\":\"200ms\",\"schedule\":{\"patrol-region-interval\":\"100ms\",\"max-store-down-time\":\"30m0s\",\"leader-schedule-limit\":4,\"region-schedule-limit\":2048,\"replica-schedule-limit\":64,\"schedulers-v2\":[{\"type\":\"balance-region\",\"args\":null,\"disable\":false,\"args-payload\":\"\"},{\"type\":\"balance-leader\",\"args\":null,\"disable\":false,\"args-payload\":\"\"}]},\"replication\":{\"max-replicas\":3},\"pd-server\":{\"max-reset-ts-gap\":86400000000000},\"quota-backend-bytes\":\"0B\",\"auto-compaction-mode\":\"periodic\",\"auto-compaction-retention-v2\":\"1h\",\"TickInterval\":\"100ms\",\"ElectionInterval\":\"3s\",\"security\":{\"cacert-path\":\"\",\"cert-path\":\"\",\"key-path\":\"\"},\"WarningMsgs\":null,\"DisableStrictReconfigCheck\":true,\"HeartbeatStreamBindInterval\":\"1m0s\",\"LeaderPriorityCheckInterval\":\"100ms\"}"]
[2026/04/28 20:57:33.924 +08:00] [INFO] [server.go:159] ["start embed etcd"]
[2026/04/28 20:57:33.924 +08:00] [INFO] [etcd.go:117] ["configuring peer listeners"] [listen-peer-urls="[http://127.0.0.1:26916]"]
[2026/04/28 20:57:33.924 +08:00] [INFO] [etcd.go:127] ["configuring client listeners"] [listen-client-urls="[http://127.0.0.1:26915]"]
[2026/04/28 20:57:33.925 +08:00] [INFO] [etcd.go:602] ["pprof is enabled"] [path=/debug/pprof]
[2026/04/28 20:57:33.925 +08:00] [INFO] [etcd.go:299] ["starting an etcd server"] [etcd-version=3.4.3] [git-sha="Not provided (use ./build instead of go build)"] [go-version=go1.26.1] [go-os=windows] [go-arch=amd64] [max-cpu-set=16] [max-cpu-available=16] [member-initialized=false] [name=pd] [data-dir="/tmp\\test_pd733961529"] [wal-dir=] [wal-dir-dedicated=] [member-dir="\\tmp\\test_pd733961529\\member"] [force-new-cluster=false] [heartbeat-interval=100ms] [election-timeout=3s] [initial-election-tick-advance=true] [snapshot-count=100000] [snapshot-catchup-entries=5000] [initial-advertise-peer-urls="[http://127.0.0.1:26916]"] [listen-peer-urls="[http://127.0.0.1:26916]"] [advertise-client-urls="[http://127.0.0.1:26915]"] [listen-client-urls="[http://127.0.0.1:26915]"] [listen-metrics-urls="[]"] [cors="[*]"] [host-whitelist="[*]"] [initial-cluster="pd=http://127.0.0.1:26916"] [initial-cluster-state=new] [initial-cluster-token=etcd-cluster] [quota-size-bytes=2147483648] [pre-vote=false] [initial-corrupt-check=false] [corrupt-check-time-interval=0s] [auto-compaction-mode=periodic] [auto-compaction-retention=1h0m0s] [auto-compaction-interval=1h0m0s] [discovery-url=] [discovery-proxy=]
[2026/04/28 20:57:33.932 +08:00] [INFO] [backend.go:79] ["opened backend db"] [path="\\tmp\\test_pd733961529\\member\\snap\\db"] [took=3.6657ms]
[2026/04/28 20:57:33.937 +08:00] [INFO] [wal.go:283] ["closing WAL to release flock and retry directory renaming"] [from="\\tmp\\test_pd733961529\\member\\wal.tmp"] [to="\\tmp\\test_pd733961529\\member\\wal"]
[2026/04/28 20:57:33.944 +08:00] [INFO] [raft.go:456] ["starting local member"] [local-member-id=aeaab8975ee96ddf] [cluster-id=da7dfe0150bfbe97]
[2026/04/28 20:57:33.945 +08:00] [INFO] [raft.go:1530] ["aeaab8975ee96ddf switched to configuration voters=()"]
[2026/04/28 20:57:33.945 +08:00] [INFO] [raft.go:700] ["aeaab8975ee96ddf became follower at term 0"]
[2026/04/28 20:57:33.945 +08:00] [INFO] [raft.go:383] ["newRaft aeaab8975ee96ddf [peers: [], term: 0, commit: 0, applied: 0, lastindex: 0, lastterm: 0]"]
[2026/04/28 20:57:33.945 +08:00] [INFO] [raft.go:700] ["aeaab8975ee96ddf became follower at term 1"]
[2026/04/28 20:57:33.945 +08:00] [INFO] [raft.go:1530] ["aeaab8975ee96ddf switched to configuration voters=(12586075068912201183)"]
[2026/04/28 20:57:33.956 +08:00] [WARN] [store.go:1317] ["simple token is not cryptographically signed"]
[2026/04/28 20:57:33.965 +08:00] [INFO] [server.go:792] ["starting etcd server"] [local-member-id=aeaab8975ee96ddf] [local-server-version=3.4.3] [cluster-version=to_be_decided]
[2026/04/28 20:57:33.965 +08:00] [WARN] [metrics.go:193] ["failed to get file descriptor usage"] [error="cannot get FDUsage on windows"]
[2026/04/28 20:57:33.965 +08:00] [INFO] [server.go:658] ["started as single-node; fast-forwarding election ticks"] [local-member-id=aeaab8975ee96ddf] [forward-ticks=29] [forward-duration=2.9s] [election-ticks=30] [election-timeout=3s]
[2026/04/28 20:57:33.966 +08:00] [INFO] [raft.go:1530] ["aeaab8975ee96ddf switched to configuration voters=(12586075068912201183)"]
[2026/04/28 20:57:33.966 +08:00] [INFO] [cluster.go:392] ["added member"] [cluster-id=da7dfe0150bfbe97] [local-member-id=aeaab8975ee96ddf] [added-peer-id=aeaab8975ee96ddf] [added-peer-peer-urls="[http://127.0.0.1:26916]"]
[2026/04/28 20:57:33.966 +08:00] [INFO] [etcd.go:576] ["serving peer traffic"] [address=127.0.0.1:26916]
[2026/04/28 20:57:33.966 +08:00] [INFO] [etcd.go:241] ["now serving peer/client/metrics"] [local-member-id=aeaab8975ee96ddf] [initial-advertise-peer-urls="[http://127.0.0.1:26916]"] [listen-peer-urls="[http://127.0.0.1:26916]"] [advertise-client-urls="[http://127.0.0.1:26915]"] [listen-client-urls="[http://127.0.0.1:26915]"] [listen-metrics-urls="[]"]
[2026/04/28 20:57:34.563 +08:00] [WARN] [grpclog.go:60] ["grpc: addrConn.createTransport failed to connect to {127.0.0.1:26896 0  <nil>}. Err :connection error: desc = \"transport: Error while dialing dial tcp 127.0.0.1:26896: connectex: No connection could be made because the target machine actively refused it.\". Reconnecting..."]
[2026/04/28 20:57:34.734 +08:00] [WARN] [grpclog.go:60] ["grpc: addrConn.createTransport failed to connect to {127.0.0.1:26883 0  <nil>}. Err :connection error: desc = \"transport: Error while dialing dial tcp 127.0.0.1:26883: connectex: No connection could be made because the target machine actively refused it.\". Reconnecting..."]
[2026/04/28 20:57:34.908 +08:00] [WARN] [grpclog.go:60] ["grpc: addrConn.createTransport failed to connect to {127.0.0.1:26906 0  <nil>}. Err :connection error: desc = \"transport: Error while dialing dial tcp 127.0.0.1:26906: connectex: No connection could be made because the target machine actively refused it.\". Reconnecting..."]
[2026/04/28 20:57:35.046 +08:00] [INFO] [raft.go:923] ["aeaab8975ee96ddf is starting a new election at term 1"]
[2026/04/28 20:57:35.046 +08:00] [INFO] [raft.go:713] ["aeaab8975ee96ddf became candidate at term 2"]
[2026/04/28 20:57:35.046 +08:00] [INFO] [raft.go:824] ["aeaab8975ee96ddf received MsgVoteResp from aeaab8975ee96ddf at term 2"]
[2026/04/28 20:57:35.046 +08:00] [INFO] [raft.go:765] ["aeaab8975ee96ddf became leader at term 2"]
[2026/04/28 20:57:35.046 +08:00] [INFO] [node.go:325] ["raft.node: aeaab8975ee96ddf elected leader aeaab8975ee96ddf at term 2"]
[2026/04/28 20:57:35.047 +08:00] [INFO] [server.go:2501] ["setting up initial cluster version"] [cluster-version=3.4]
[2026/04/28 20:57:35.049 +08:00] [INFO] [cluster.go:558] ["set initial cluster version"] [cluster-id=da7dfe0150bfbe97] [local-member-id=aeaab8975ee96ddf] [cluster-version=3.4]
[2026/04/28 20:57:35.049 +08:00] [INFO] [server.go:189] ["create etcd v3 client"] [endpoints="[http://127.0.0.1:26915]"]
[2026/04/28 20:57:35.049 +08:00] [INFO] [server.go:2016] ["published local member to cluster through raft"] [local-member-id=aeaab8975ee96ddf] [local-member-attributes="{Name:pd ClientURLs:[http://127.0.0.1:26915]}"] [request-path=/0/members/aeaab8975ee96ddf/attributes] [cluster-id=da7dfe0150bfbe97] [publish-timeout=11s]
[2026/04/28 20:57:35.051 +08:00] [INFO] [server.go:2533] ["cluster version is updated"] [cluster-version=3.4]
[2026/04/28 20:57:35.051 +08:00] [INFO] [serve.go:139] ["serving client traffic insecurely; this is strongly discouraged!"] [address=127.0.0.1:26915]
[2026/04/28 20:57:35.053 +08:00] [INFO] [server.go:226] ["init cluster id"] [cluster-id=7633793504319579532]
[2026/04/28 20:57:35.055 +08:00] [INFO] [server.go:599] ["start to campaign leader"] [campaign-leader-name=pd]
[2026/04/28 20:57:35.058 +08:00] [INFO] [server.go:616] ["campaign leader ok"] [campaign-leader-name=pd]
[2026/04/28 20:57:35.061 +08:00] [INFO] [tso.go:129] ["sync and save timestamp"] [last=1754/08/30 22:43:41.128 +00:00] [save=2026/04/28 20:57:35.260 +08:00] [next=2026/04/28 20:57:35.060 +08:00]
[2026/04/28 20:57:35.063 +08:00] [INFO] [server.go:636] ["PD cluster leader is ready to serve"] [leader-name=pd]
[2026/04/28 20:57:35.153 +08:00] [INFO] [id.go:110] ["idAllocator allocates a new id"] [alloc-id=1000]
[2026/04/28 20:57:35.153 +08:00] [INFO] [server.go:333] ["try to bootstrap raft cluster"] [cluster-id=7633793504319579532] [request="header:<cluster_id:7633793504319579532 > store:<id:1 address:\"127.0.0.1:0\" > "]
[2026/04/28 20:57:35.156 +08:00] [INFO] [server.go:383] ["bootstrap cluster ok"] [cluster-id=7633793504319579532]
[2026/04/28 20:57:35.161 +08:00] [INFO] [cluster.go:184] ["load stores"] [count=1] [cost=1.0271ms]
[2026/04/28 20:57:35.161 +08:00] [INFO] [cluster.go:201] ["background jobs has been stopped"]
[2026/04/28 20:57:35.161 +08:00] [INFO] [coordinator.go:125] ["coordinator starts to collect cluster information"]
[2026/04/28 20:57:35.161 +08:00] [INFO] [coordinator.go:128] ["coordinator has finished cluster information preparation"]
[2026/04/28 20:57:35.161 +08:00] [INFO] [coordinator.go:138] ["coordinator starts to run schedulers"]
[2026/04/28 20:57:35.161 +08:00] [INFO] [coordinator.go:202] ["create scheduler"] [scheduler-name=balance-region-scheduler]
[2026/04/28 20:57:35.161 +08:00] [INFO] [coordinator.go:308] ["scheduler has been stopped"] [scheduler-name=balance-region-scheduler] [error="context canceled"]
[2026/04/28 20:57:35.164 +08:00] [INFO] [coordinator.go:202] ["create scheduler"] [scheduler-name=balance-leader-scheduler]
[2026/04/28 20:57:35.164 +08:00] [INFO] [cluster.go:218] ["coordinator is stopping"]
[2026/04/28 20:57:35.164 +08:00] [INFO] [coordinator.go:308] ["scheduler has been stopped"] [scheduler-name=balance-leader-scheduler] [error="context canceled"]
[2026/04/28 20:57:35.164 +08:00] [INFO] [coordinator.go:85] ["coordinator starts patrol regions"]
[2026/04/28 20:57:35.164 +08:00] [INFO] [coordinator.go:92] ["patrol regions has been stopped"]
[2026/04/28 20:57:35.164 +08:00] [INFO] [cluster.go:214] ["coordinator has been stopped"]
[2026/04/28 20:57:35.167 +08:00] [INFO] [cluster.go:184] ["load stores"] [count=1] [cost=1.5519ms]
[2026/04/28 20:57:35.167 +08:00] [INFO] [cluster.go:201] ["background jobs has been stopped"]
[2026/04/28 20:57:35.167 +08:00] [INFO] [coordinator.go:125] ["coordinator starts to collect cluster information"]
[2026/04/28 20:57:35.167 +08:00] [INFO] [coordinator.go:128] ["coordinator has finished cluster information preparation"]
[2026/04/28 20:57:35.167 +08:00] [INFO] [coordinator.go:138] ["coordinator starts to run schedulers"]
[2026/04/28 20:57:35.167 +08:00] [INFO] [coordinator.go:180] ["create scheduler with independent configuration"] [scheduler-name=balance-leader-scheduler]
[2026/04/28 20:57:35.167 +08:00] [INFO] [coordinator.go:308] ["scheduler has been stopped"] [scheduler-name=balance-leader-scheduler] [error="context canceled"]
[2026/04/28 20:57:35.169 +08:00] [INFO] [coordinator.go:180] ["create scheduler with independent configuration"] [scheduler-name=balance-region-scheduler]
[2026/04/28 20:57:35.169 +08:00] [INFO] [coordinator.go:308] ["scheduler has been stopped"] [scheduler-name=balance-region-scheduler] [error="context canceled"]
[2026/04/28 20:57:35.171 +08:00] [INFO] [coordinator.go:202] ["create scheduler"] [scheduler-name=balance-region-scheduler]
[2026/04/28 20:57:35.173 +08:00] [INFO] [coordinator.go:202] ["create scheduler"] [scheduler-name=balance-leader-scheduler]
[2026/04/28 20:57:35.173 +08:00] [INFO] [cluster.go:218] ["coordinator is stopping"]
[2026/04/28 20:57:35.173 +08:00] [INFO] [coordinator.go:85] ["coordinator starts patrol regions"]
[2026/04/28 20:57:35.173 +08:00] [INFO] [coordinator.go:92] ["patrol regions has been stopped"]
[2026/04/28 20:57:35.173 +08:00] [INFO] [cluster.go:214] ["coordinator has been stopped"]
[2026/04/28 20:57:35.173 +08:00] [INFO] [server.go:271] ["closing server"]
[2026/04/28 20:57:35.173 +08:00] [INFO] [server.go:679] ["server is closed, exit etcd leader loop"]
[2026/04/28 20:57:35.173 +08:00] [INFO] [server.go:662] ["server is closed"]
[2026/04/28 20:57:35.175 +08:00] [INFO] [server.go:572] ["server is closed, return leader loop"]
[2026/04/28 20:57:35.176 +08:00] [INFO] [etcd.go:360] ["closing etcd server"] [name=pd] [data-dir="/tmp\\test_pd733961529"] [advertise-peer-urls="[http://127.0.0.1:26916]"] [advertise-client-urls="[http://127.0.0.1:26915]"]
[2026/04/28 20:57:35.176 +08:00] [INFO] [server.go:1464] ["skipped leadership transfer for single voting member cluster"] [local-member-id=aeaab8975ee96ddf] [current-leader-member-id=aeaab8975ee96ddf]
[2026/04/28 20:57:35.176 +08:00] [WARN] [grpclog.go:60] ["transport: http2Server.HandleStreams failed to read frame: read tcp 127.0.0.1:26915->127.0.0.1:26924: use of closed network connection"]
[2026/04/28 20:57:35.186 +08:00] [INFO] [etcd.go:555] ["stopping serving peer traffic"] [address=127.0.0.1:26916]
[2026/04/28 20:57:35.186 +08:00] [INFO] [etcd.go:562] ["stopped serving peer traffic"] [address=127.0.0.1:26916]
[2026/04/28 20:57:35.186 +08:00] [INFO] [etcd.go:364] ["closed etcd server"] [name=pd] [data-dir="/tmp\\test_pd733961529"] [advertise-peer-urls="[http://127.0.0.1:26916]"] [advertise-client-urls="[http://127.0.0.1:26915]"]
[2026/04/28 20:57:35.186 +08:00] [INFO] [server.go:290] ["close server"]
[2026/04/28 20:57:35.196 +08:00] [INFO] [server.go:129] ["PD Config"] [config="{\"client-urls\":\"http://127.0.0.1:26925\",\"peer-urls\":\"http://127.0.0.1:26926\",\"advertise-client-urls\":\"http://127.0.0.1:26925\",\"advertise-peer-urls\":\"http://127.0.0.1:26926\",\"name\":\"pd\",\"data-dir\":\"/tmp\\\\test_pd1090005924\",\"force-new-cluster\":false,\"enable-grpc-gateway\":true,\"initial-cluster\":\"pd=http://127.0.0.1:26926\",\"initial-cluster-state\":\"new\",\"lease\":1,\"log\":{\"level\":\"\",\"format\":\"\",\"disable-timestamp\":false,\"file\":{\"filename\":\"\",\"max-size\":0,\"max-days\":0,\"max-backups\":0},\"development\":false,\"disable-caller\":false,\"disable-stacktrace\":false,\"disable-error-verbose\":false,\"sampling\":null},\"log-file\":\"\",\"log-level\":\"\",\"tso-save-interval\":\"200ms\",\"schedule\":{\"patrol-region-interval\":\"100ms\",\"max-store-down-time\":\"30m0s\",\"leader-schedule-limit\":4,\"region-schedule-limit\":2048,\"replica-schedule-limit\":64,\"schedulers-v2\":[{\"type\":\"balance-region\",\"args\":null,\"disable\":false,\"args-payload\":\"\"},{\"type\":\"balance-leader\",\"args\":null,\"disable\":false,\"args-payload\":\"\"}]},\"replication\":{\"max-replicas\":3},\"pd-server\":{\"max-reset-ts-gap\":86400000000000},\"quota-backend-bytes\":\"0B\",\"auto-compaction-mode\":\"periodic\",\"auto-compaction-retention-v2\":\"1h\",\"TickInterval\":\"100ms\",\"ElectionInterval\":\"3s\",\"security\":{\"cacert-path\":\"\",\"cert-path\":\"\",\"key-path\":\"\"},\"WarningMsgs\":null,\"DisableStrictReconfigCheck\":true,\"HeartbeatStreamBindInterval\":\"1m0s\",\"LeaderPriorityCheckInterval\":\"100ms\"}"]
[2026/04/28 20:57:35.196 +08:00] [INFO] [server.go:159] ["start embed etcd"]
[2026/04/28 20:57:35.196 +08:00] [INFO] [etcd.go:117] ["configuring peer listeners"] [listen-peer-urls="[http://127.0.0.1:26926]"]
[2026/04/28 20:57:35.196 +08:00] [INFO] [etcd.go:127] ["configuring client listeners"] [listen-client-urls="[http://127.0.0.1:26925]"]
[2026/04/28 20:57:35.196 +08:00] [INFO] [etcd.go:602] ["pprof is enabled"] [path=/debug/pprof]
[2026/04/28 20:57:35.196 +08:00] [INFO] [etcd.go:299] ["starting an etcd server"] [etcd-version=3.4.3] [git-sha="Not provided (use ./build instead of go build)"] [go-version=go1.26.1] [go-os=windows] [go-arch=amd64] [max-cpu-set=16] [max-cpu-available=16] [member-initialized=false] [name=pd] [data-dir="/tmp\\test_pd1090005924"] [wal-dir=] [wal-dir-dedicated=] [member-dir="\\tmp\\test_pd1090005924\\member"] [force-new-cluster=false] [heartbeat-interval=100ms] [election-timeout=3s] [initial-election-tick-advance=true] [snapshot-count=100000] [snapshot-catchup-entries=5000] [initial-advertise-peer-urls="[http://127.0.0.1:26926]"] [listen-peer-urls="[http://127.0.0.1:26926]"] [advertise-client-urls="[http://127.0.0.1:26925]"] [listen-client-urls="[http://127.0.0.1:26925]"] [listen-metrics-urls="[]"] [cors="[*]"] [host-whitelist="[*]"] [initial-cluster="pd=http://127.0.0.1:26926"] [initial-cluster-state=new] [initial-cluster-token=etcd-cluster] [quota-size-bytes=2147483648] [pre-vote=false] [initial-corrupt-check=false] [corrupt-check-time-interval=0s] [auto-compaction-mode=periodic] [auto-compaction-retention=1h0m0s] [auto-compaction-interval=1h0m0s] [discovery-url=] [discovery-proxy=]
[2026/04/28 20:57:35.203 +08:00] [INFO] [backend.go:79] ["opened backend db"] [path="\\tmp\\test_pd1090005924\\member\\snap\\db"] [took=4.55ms]
[2026/04/28 20:57:35.212 +08:00] [INFO] [wal.go:283] ["closing WAL to release flock and retry directory renaming"] [from="\\tmp\\test_pd1090005924\\member\\wal.tmp"] [to="\\tmp\\test_pd1090005924\\member\\wal"]
[2026/04/28 20:57:35.219 +08:00] [INFO] [raft.go:456] ["starting local member"] [local-member-id=363f028e9cb30a3c] [cluster-id=4c4bfcdf4aa96edb]
[2026/04/28 20:57:35.220 +08:00] [INFO] [raft.go:1530] ["363f028e9cb30a3c switched to configuration voters=()"]
[2026/04/28 20:57:35.220 +08:00] [INFO] [raft.go:700] ["363f028e9cb30a3c became follower at term 0"]
[2026/04/28 20:57:35.220 +08:00] [INFO] [raft.go:383] ["newRaft 363f028e9cb30a3c [peers: [], term: 0, commit: 0, applied: 0, lastindex: 0, lastterm: 0]"]
[2026/04/28 20:57:35.220 +08:00] [INFO] [raft.go:700] ["363f028e9cb30a3c became follower at term 1"]
[2026/04/28 20:57:35.220 +08:00] [INFO] [raft.go:1530] ["363f028e9cb30a3c switched to configuration voters=(3908845813118470716)"]
[2026/04/28 20:57:35.230 +08:00] [WARN] [store.go:1317] ["simple token is not cryptographically signed"]
[2026/04/28 20:57:35.239 +08:00] [INFO] [server.go:792] ["starting etcd server"] [local-member-id=363f028e9cb30a3c] [local-server-version=3.4.3] [cluster-version=to_be_decided]
[2026/04/28 20:57:35.239 +08:00] [WARN] [metrics.go:193] ["failed to get file descriptor usage"] [error="cannot get FDUsage on windows"]
[2026/04/28 20:57:35.239 +08:00] [INFO] [server.go:658] ["started as single-node; fast-forwarding election ticks"] [local-member-id=363f028e9cb30a3c] [forward-ticks=29] [forward-duration=2.9s] [election-ticks=30] [election-timeout=3s]
[2026/04/28 20:57:35.239 +08:00] [INFO] [raft.go:1530] ["363f028e9cb30a3c switched to configuration voters=(3908845813118470716)"]
[2026/04/28 20:57:35.239 +08:00] [INFO] [cluster.go:392] ["added member"] [cluster-id=4c4bfcdf4aa96edb] [local-member-id=363f028e9cb30a3c] [added-peer-id=363f028e9cb30a3c] [added-peer-peer-urls="[http://127.0.0.1:26926]"]
[2026/04/28 20:57:35.239 +08:00] [INFO] [etcd.go:576] ["serving peer traffic"] [address=127.0.0.1:26926]
[2026/04/28 20:57:35.239 +08:00] [INFO] [etcd.go:241] ["now serving peer/client/metrics"] [local-member-id=363f028e9cb30a3c] [initial-advertise-peer-urls="[http://127.0.0.1:26926]"] [listen-peer-urls="[http://127.0.0.1:26926]"] [advertise-client-urls="[http://127.0.0.1:26925]"] [listen-client-urls="[http://127.0.0.1:26925]"] [listen-metrics-urls="[]"]
[2026/04/28 20:57:36.045 +08:00] [WARN] [grpclog.go:60] ["grpc: addrConn.createTransport failed to connect to {127.0.0.1:26896 0  <nil>}. Err :connection error: desc = \"transport: Error while dialing dial tcp 127.0.0.1:26896: connectex: No connection could be made because the target machine actively refused it.\". Reconnecting..."]
[2026/04/28 20:57:36.121 +08:00] [INFO] [raft.go:923] ["363f028e9cb30a3c is starting a new election at term 1"]
[2026/04/28 20:57:36.121 +08:00] [INFO] [raft.go:713] ["363f028e9cb30a3c became candidate at term 2"]
[2026/04/28 20:57:36.121 +08:00] [INFO] [raft.go:824] ["363f028e9cb30a3c received MsgVoteResp from 363f028e9cb30a3c at term 2"]
[2026/04/28 20:57:36.121 +08:00] [INFO] [raft.go:765] ["363f028e9cb30a3c became leader at term 2"]
[2026/04/28 20:57:36.121 +08:00] [INFO] [node.go:325] ["raft.node: 363f028e9cb30a3c elected leader 363f028e9cb30a3c at term 2"]
[2026/04/28 20:57:36.121 +08:00] [INFO] [server.go:2501] ["setting up initial cluster version"] [cluster-version=3.4]
[2026/04/28 20:57:36.121 +08:00] [INFO] [server.go:2016] ["published local member to cluster through raft"] [local-member-id=363f028e9cb30a3c] [local-member-attributes="{Name:pd ClientURLs:[http://127.0.0.1:26925]}"] [request-path=/0/members/363f028e9cb30a3c/attributes] [cluster-id=4c4bfcdf4aa96edb] [publish-timeout=11s]
[2026/04/28 20:57:36.121 +08:00] [INFO] [server.go:189] ["create etcd v3 client"] [endpoints="[http://127.0.0.1:26925]"]
[2026/04/28 20:57:36.122 +08:00] [INFO] [serve.go:139] ["serving client traffic insecurely; this is strongly discouraged!"] [address=127.0.0.1:26925]
[2026/04/28 20:57:36.131 +08:00] [INFO] [cluster.go:558] ["set initial cluster version"] [cluster-id=4c4bfcdf4aa96edb] [local-member-id=363f028e9cb30a3c] [cluster-version=3.4]
[2026/04/28 20:57:36.131 +08:00] [INFO] [server.go:2533] ["cluster version is updated"] [cluster-version=3.4]
[2026/04/28 20:57:36.133 +08:00] [INFO] [server.go:226] ["init cluster id"] [cluster-id=7633793509169695512]
[2026/04/28 20:57:36.136 +08:00] [INFO] [server.go:599] ["start to campaign leader"] [campaign-leader-name=pd]
[2026/04/28 20:57:36.139 +08:00] [INFO] [server.go:616] ["campaign leader ok"] [campaign-leader-name=pd]
[2026/04/28 20:57:36.141 +08:00] [INFO] [tso.go:129] ["sync and save timestamp"] [last=1754/08/30 22:43:41.128 +00:00] [save=2026/04/28 20:57:36.341 +08:00] [next=2026/04/28 20:57:36.141 +08:00]
[2026/04/28 20:57:36.144 +08:00] [INFO] [server.go:636] ["PD cluster leader is ready to serve"] [leader-name=pd]
[2026/04/28 20:57:36.233 +08:00] [INFO] [id.go:110] ["idAllocator allocates a new id"] [alloc-id=1000]
[2026/04/28 20:57:36.233 +08:00] [INFO] [server.go:333] ["try to bootstrap raft cluster"] [cluster-id=7633793509169695512] [request="header:<cluster_id:7633793509169695512 > store:<id:1 address:\"127.0.0.1:0\" > "]
[2026/04/28 20:57:36.236 +08:00] [INFO] [server.go:383] ["bootstrap cluster ok"] [cluster-id=7633793509169695512]
[2026/04/28 20:57:36.241 +08:00] [INFO] [cluster.go:184] ["load stores"] [count=1] [cost=1.5067ms]
[2026/04/28 20:57:36.241 +08:00] [INFO] [coordinator.go:125] ["coordinator starts to collect cluster information"]
[2026/04/28 20:57:36.241 +08:00] [INFO] [coordinator.go:128] ["coordinator has finished cluster information preparation"]
[2026/04/28 20:57:36.241 +08:00] [INFO] [server.go:271] ["closing server"]
[2026/04/28 20:57:36.241 +08:00] [INFO] [coordinator.go:138] ["coordinator starts to run schedulers"]
[2026/04/28 20:57:36.241 +08:00] [INFO] [server.go:679] ["server is closed, exit etcd leader loop"]
[2026/04/28 20:57:36.241 +08:00] [INFO] [server.go:662] ["server is closed"]
[2026/04/28 20:57:36.242 +08:00] [INFO] [cluster.go:201] ["background jobs has been stopped"]
[2026/04/28 20:57:36.242 +08:00] [INFO] [coordinator.go:202] ["create scheduler"] [scheduler-name=balance-region-scheduler]
[2026/04/28 20:57:36.242 +08:00] [INFO] [coordinator.go:308] ["scheduler has been stopped"] [scheduler-name=balance-region-scheduler] [error="context canceled"]
[2026/04/28 20:57:36.246 +08:00] [INFO] [coordinator.go:202] ["create scheduler"] [scheduler-name=balance-leader-scheduler]
[2026/04/28 20:57:36.246 +08:00] [INFO] [cluster.go:218] ["coordinator is stopping"]
[2026/04/28 20:57:36.246 +08:00] [INFO] [coordinator.go:85] ["coordinator starts patrol regions"]
[2026/04/28 20:57:36.246 +08:00] [INFO] [coordinator.go:308] ["scheduler has been stopped"] [scheduler-name=balance-leader-scheduler] [error="context canceled"]
[2026/04/28 20:57:36.246 +08:00] [INFO] [coordinator.go:92] ["patrol regions has been stopped"]
[2026/04/28 20:57:36.246 +08:00] [INFO] [cluster.go:214] ["coordinator has been stopped"]
[2026/04/28 20:57:36.247 +08:00] [INFO] [server.go:572] ["server is closed, return leader loop"]
[2026/04/28 20:57:36.247 +08:00] [INFO] [etcd.go:360] ["closing etcd server"] [name=pd] [data-dir="/tmp\\test_pd1090005924"] [advertise-peer-urls="[http://127.0.0.1:26926]"] [advertise-client-urls="[http://127.0.0.1:26925]"]
[2026/04/28 20:57:36.247 +08:00] [INFO] [server.go:1464] ["skipped leadership transfer for single voting member cluster"] [local-member-id=363f028e9cb30a3c] [current-leader-member-id=363f028e9cb30a3c]
[2026/04/28 20:57:36.247 +08:00] [WARN] [grpclog.go:60] ["transport: http2Server.HandleStreams failed to read frame: read tcp 127.0.0.1:26925->127.0.0.1:26932: use of closed network connection"]
[2026/04/28 20:57:36.248 +08:00] [WARN] [grpclog.go:60] ["grpc: addrConn.createTransport failed to connect to {127.0.0.1:26925 0  <nil>}. Err :connection error: desc = \"transport: Error while dialing dial tcp 127.0.0.1:26925: connectex: No connection could be made because the target machine actively refused it.\". Reconnecting..."]
[2026/04/28 20:57:36.256 +08:00] [INFO] [etcd.go:555] ["stopping serving peer traffic"] [address=127.0.0.1:26926]
[2026/04/28 20:57:36.256 +08:00] [INFO] [etcd.go:562] ["stopped serving peer traffic"] [address=127.0.0.1:26926]
[2026/04/28 20:57:36.256 +08:00] [INFO] [etcd.go:364] ["closed etcd server"] [name=pd] [data-dir="/tmp\\test_pd1090005924"] [advertise-peer-urls="[http://127.0.0.1:26926]"] [advertise-client-urls="[http://127.0.0.1:26925]"]
[2026/04/28 20:57:36.256 +08:00] [INFO] [server.go:290] ["close server"]
[2026/04/28 20:57:36.260 +08:00] [INFO] [cluster_worker.go:142] ["region split, generate new region"] [region-id=2] [region-meta="id:1 start_key:\"61\" end_key:\"62\""]
[2026/04/28 20:57:36.260 +08:00] [WARN] [cluster_worker.go:131] ["report split region is invalid"] [left-region="id:2 start_key:\"62\" end_key:\"63\""] [right-region="id:1 start_key:\"61\" end_key:\"62\""] [error="invalid split region"] [errorVerbose="invalid split region\ngithub.com/pingcap-incubator/tinykv/scheduler/server.(*RaftCluster).checkSplitRegion\n\tC:/Users/18712/OneDrive/桌面/tinykv/scheduler/server/cluster_worker.go:97\ngithub.com/pingcap-incubator/tinykv/scheduler/server.(*RaftCluster).handleReportSplit\n\tC:/Users/18712/OneDrive/桌面/tinykv/scheduler/server/cluster_worker.go:129\ngithub.com/pingcap-incubator/tinykv/scheduler/server.(*testClusterWorkerSuite).TestReportSplit\n\tC:/Users/18712/OneDrive/桌面/tinykv/scheduler/server/cluster_worker_test.go:36\nreflect.Value.call\n\tC:/Program Files/Go/src/reflect/value.go:586\nreflect.Value.Call\n\tC:/Program Files/Go/src/reflect/value.go:369\ngithub.com/pingcap/check.(*suiteRunner).forkTest.func1\n\tC:/Users/18712/go/pkg/mod/github.com/pingcap/check@v0.0.0-20200212061837-5e12011dc712/check.go:850\ngithub.com/pingcap/check.(*suiteRunner).forkCall.func1\n\tC:/Users/18712/go/pkg/mod/github.com/pingcap/check@v0.0.0-20200212061837-5e12011dc712/check.go:739\nruntime.goexit\n\tC:/Program Files/Go/src/runtime/asm_amd64.s:1771"]
[2026/04/28 20:57:36.261 +08:00] [INFO] [server.go:129] ["PD Config"] [config="{\"client-urls\":\"http://127.0.0.1:26935\",\"peer-urls\":\"http://127.0.0.1:26936\",\"advertise-client-urls\":\"http://127.0.0.1:26935\",\"advertise-peer-urls\":\"http://127.0.0.1:26936\",\"name\":\"pd\",\"data-dir\":\"/tmp\\\\test_pd291165400\",\"force-new-cluster\":false,\"enable-grpc-gateway\":true,\"initial-cluster\":\"pd=http://127.0.0.1:26936\",\"initial-cluster-state\":\"new\",\"lease\":1,\"log\":{\"level\":\"\",\"format\":\"\",\"disable-timestamp\":false,\"file\":{\"filename\":\"\",\"max-size\":0,\"max-days\":0,\"max-backups\":0},\"development\":false,\"disable-caller\":false,\"disable-stacktrace\":false,\"disable-error-verbose\":false,\"sampling\":null},\"log-file\":\"\",\"log-level\":\"\",\"tso-save-interval\":\"200ms\",\"schedule\":{\"patrol-region-interval\":\"100ms\",\"max-store-down-time\":\"30m0s\",\"leader-schedule-limit\":4,\"region-schedule-limit\":2048,\"replica-schedule-limit\":64,\"schedulers-v2\":[{\"type\":\"balance-region\",\"args\":null,\"disable\":false,\"args-payload\":\"\"},{\"type\":\"balance-leader\",\"args\":null,\"disable\":false,\"args-payload\":\"\"}]},\"replication\":{\"max-replicas\":3},\"pd-server\":{\"max-reset-ts-gap\":86400000000000},\"quota-backend-bytes\":\"0B\",\"auto-compaction-mode\":\"periodic\",\"auto-compaction-retention-v2\":\"1h\",\"TickInterval\":\"100ms\",\"ElectionInterval\":\"3s\",\"security\":{\"cacert-path\":\"\",\"cert-path\":\"\",\"key-path\":\"\"},\"WarningMsgs\":null,\"DisableStrictReconfigCheck\":true,\"HeartbeatStreamBindInterval\":\"1m0s\",\"LeaderPriorityCheckInterval\":\"100ms\"}"]
[2026/04/28 20:57:36.262 +08:00] [INFO] [server.go:159] ["start embed etcd"]
[2026/04/28 20:57:36.262 +08:00] [INFO] [etcd.go:117] ["configuring peer listeners"] [listen-peer-urls="[http://127.0.0.1:26936]"]
[2026/04/28 20:57:36.262 +08:00] [INFO] [etcd.go:127] ["configuring client listeners"] [listen-client-urls="[http://127.0.0.1:26935]"]
[2026/04/28 20:57:36.262 +08:00] [INFO] [etcd.go:602] ["pprof is enabled"] [path=/debug/pprof]
[2026/04/28 20:57:36.262 +08:00] [INFO] [etcd.go:299] ["starting an etcd server"] [etcd-version=3.4.3] [git-sha="Not provided (use ./build instead of go build)"] [go-version=go1.26.1] [go-os=windows] [go-arch=amd64] [max-cpu-set=16] [max-cpu-available=16] [member-initialized=false] [name=pd] [data-dir="/tmp\\test_pd291165400"] [wal-dir=] [wal-dir-dedicated=] [member-dir="\\tmp\\test_pd291165400\\member"] [force-new-cluster=false] [heartbeat-interval=100ms] [election-timeout=3s] [initial-election-tick-advance=true] [snapshot-count=100000] [snapshot-catchup-entries=5000] [initial-advertise-peer-urls="[http://127.0.0.1:26936]"] [listen-peer-urls="[http://127.0.0.1:26936]"] [advertise-client-urls="[http://127.0.0.1:26935]"] [listen-client-urls="[http://127.0.0.1:26935]"] [listen-metrics-urls="[]"] [cors="[*]"] [host-whitelist="[*]"] [initial-cluster="pd=http://127.0.0.1:26936"] [initial-cluster-state=new] [initial-cluster-token=etcd-cluster] [quota-size-bytes=2147483648] [pre-vote=false] [initial-corrupt-check=false] [corrupt-check-time-interval=0s] [auto-compaction-mode=periodic] [auto-compaction-retention=1h0m0s] [auto-compaction-interval=1h0m0s] [discovery-url=] [discovery-proxy=]
[2026/04/28 20:57:36.267 +08:00] [INFO] [backend.go:79] ["opened backend db"] [path="\\tmp\\test_pd291165400\\member\\snap\\db"] [took=3.1304ms]
[2026/04/28 20:57:36.274 +08:00] [INFO] [wal.go:283] ["closing WAL to release flock and retry directory renaming"] [from="\\tmp\\test_pd291165400\\member\\wal.tmp"] [to="\\tmp\\test_pd291165400\\member\\wal"]
[2026/04/28 20:57:36.279 +08:00] [INFO] [raft.go:456] ["starting local member"] [local-member-id=8b628f180be1dee7] [cluster-id=7d7e8f826f8ebfbc]
[2026/04/28 20:57:36.279 +08:00] [INFO] [raft.go:1530] ["8b628f180be1dee7 switched to configuration voters=()"]
[2026/04/28 20:57:36.279 +08:00] [INFO] [raft.go:700] ["8b628f180be1dee7 became follower at term 0"]
[2026/04/28 20:57:36.279 +08:00] [INFO] [raft.go:383] ["newRaft 8b628f180be1dee7 [peers: [], term: 0, commit: 0, applied: 0, lastindex: 0, lastterm: 0]"]
[2026/04/28 20:57:36.279 +08:00] [INFO] [raft.go:700] ["8b628f180be1dee7 became follower at term 1"]
[2026/04/28 20:57:36.279 +08:00] [INFO] [raft.go:1530] ["8b628f180be1dee7 switched to configuration voters=(10043747452430966503)"]
[2026/04/28 20:57:36.292 +08:00] [WARN] [store.go:1317] ["simple token is not cryptographically signed"]
[2026/04/28 20:57:36.300 +08:00] [INFO] [server.go:792] ["starting etcd server"] [local-member-id=8b628f180be1dee7] [local-server-version=3.4.3] [cluster-version=to_be_decided]
[2026/04/28 20:57:36.300 +08:00] [WARN] [metrics.go:193] ["failed to get file descriptor usage"] [error="cannot get FDUsage on windows"]
[2026/04/28 20:57:36.300 +08:00] [INFO] [server.go:658] ["started as single-node; fast-forwarding election ticks"] [local-member-id=8b628f180be1dee7] [forward-ticks=29] [forward-duration=2.9s] [election-ticks=30] [election-timeout=3s]
[2026/04/28 20:57:36.300 +08:00] [INFO] [raft.go:1530] ["8b628f180be1dee7 switched to configuration voters=(10043747452430966503)"]
[2026/04/28 20:57:36.301 +08:00] [INFO] [cluster.go:392] ["added member"] [cluster-id=7d7e8f826f8ebfbc] [local-member-id=8b628f180be1dee7] [added-peer-id=8b628f180be1dee7] [added-peer-peer-urls="[http://127.0.0.1:26936]"]
[2026/04/28 20:57:36.301 +08:00] [INFO] [etcd.go:576] ["serving peer traffic"] [address=127.0.0.1:26936]
[2026/04/28 20:57:36.301 +08:00] [INFO] [etcd.go:241] ["now serving peer/client/metrics"] [local-member-id=8b628f180be1dee7] [initial-advertise-peer-urls="[http://127.0.0.1:26936]"] [listen-peer-urls="[http://127.0.0.1:26936]"] [advertise-client-urls="[http://127.0.0.1:26935]"] [listen-client-urls="[http://127.0.0.1:26935]"] [listen-metrics-urls="[]"]
[2026/04/28 20:57:36.810 +08:00] [WARN] [grpclog.go:60] ["grpc: addrConn.createTransport failed to connect to {127.0.0.1:26906 0  <nil>}. Err :connection error: desc = \"transport: Error while dialing dial tcp 127.0.0.1:26906: connectex: No connection could be made because the target machine actively refused it.\". Reconnecting..."]
[2026/04/28 20:57:37.249 +08:00] [WARN] [grpclog.go:60] ["grpc: addrConn.createTransport failed to connect to {127.0.0.1:26925 0  <nil>}. Err :connection error: desc = \"transport: Error while dialing dial tcp 127.0.0.1:26925: connectex: No connection could be made because the target machine actively refused it.\". Reconnecting..."]
[2026/04/28 20:57:37.618 +08:00] [WARN] [grpclog.go:60] ["grpc: addrConn.createTransport failed to connect to {127.0.0.1:26883 0  <nil>}. Err :connection error: desc = \"transport: Error while dialing dial tcp 127.0.0.1:26883: connectex: No connection could be made because the target machine actively refused it.\". Reconnecting..."]
[2026/04/28 20:57:38.688 +08:00] [WARN] [grpclog.go:60] ["grpc: addrConn.createTransport failed to connect to {127.0.0.1:26925 0  <nil>}. Err :connection error: desc = \"transport: Error while dialing dial tcp 127.0.0.1:26925: connectex: No connection could be made because the target machine actively refused it.\". Reconnecting..."]
[2026/04/28 20:57:38.753 +08:00] [WARN] [grpclog.go:60] ["grpc: addrConn.createTransport failed to connect to {127.0.0.1:26896 0  <nil>}. Err :connection error: desc = \"transport: Error while dialing dial tcp 127.0.0.1:26896: connectex: No connection could be made because the target machine actively refused it.\". Reconnecting..."]
[2026/04/28 20:57:39.081 +08:00] [INFO] [raft.go:923] ["8b628f180be1dee7 is starting a new election at term 1"]
[2026/04/28 20:57:39.081 +08:00] [INFO] [raft.go:713] ["8b628f180be1dee7 became candidate at term 2"]
[2026/04/28 20:57:39.081 +08:00] [INFO] [raft.go:824] ["8b628f180be1dee7 received MsgVoteResp from 8b628f180be1dee7 at term 2"]
[2026/04/28 20:57:39.081 +08:00] [INFO] [raft.go:765] ["8b628f180be1dee7 became leader at term 2"]
[2026/04/28 20:57:39.081 +08:00] [INFO] [node.go:325] ["raft.node: 8b628f180be1dee7 elected leader 8b628f180be1dee7 at term 2"]
[2026/04/28 20:57:39.081 +08:00] [INFO] [server.go:2501] ["setting up initial cluster version"] [cluster-version=3.4]
[2026/04/28 20:57:39.081 +08:00] [INFO] [server.go:2016] ["published local member to cluster through raft"] [local-member-id=8b628f180be1dee7] [local-member-attributes="{Name:pd ClientURLs:[http://127.0.0.1:26935]}"] [request-path=/0/members/8b628f180be1dee7/attributes] [cluster-id=7d7e8f826f8ebfbc] [publish-timeout=11s]
[2026/04/28 20:57:39.081 +08:00] [INFO] [server.go:189] ["create etcd v3 client"] [endpoints="[http://127.0.0.1:26935]"]
[2026/04/28 20:57:39.082 +08:00] [INFO] [serve.go:139] ["serving client traffic insecurely; this is strongly discouraged!"] [address=127.0.0.1:26935]
[2026/04/28 20:57:39.084 +08:00] [INFO] [cluster.go:558] ["set initial cluster version"] [cluster-id=7d7e8f826f8ebfbc] [local-member-id=8b628f180be1dee7] [cluster-version=3.4]
[2026/04/28 20:57:39.084 +08:00] [INFO] [server.go:2533] ["cluster version is updated"] [cluster-version=3.4]
[2026/04/28 20:57:39.086 +08:00] [INFO] [server.go:226] ["init cluster id"] [cluster-id=7633793522030545628]
[2026/04/28 20:57:39.089 +08:00] [INFO] [server.go:599] ["start to campaign leader"] [campaign-leader-name=pd]
[2026/04/28 20:57:39.092 +08:00] [INFO] [server.go:616] ["campaign leader ok"] [campaign-leader-name=pd]
[2026/04/28 20:57:39.094 +08:00] [INFO] [tso.go:129] ["sync and save timestamp"] [last=1754/08/30 22:43:41.128 +00:00] [save=2026/04/28 20:57:39.294 +08:00] [next=2026/04/28 20:57:39.094 +08:00]
[2026/04/28 20:57:39.098 +08:00] [INFO] [server.go:636] ["PD cluster leader is ready to serve"] [leader-name=pd]
[2026/04/28 20:57:39.188 +08:00] [INFO] [id.go:110] ["idAllocator allocates a new id"] [alloc-id=1000]
[2026/04/28 20:57:39.188 +08:00] [INFO] [server.go:333] ["try to bootstrap raft cluster"] [cluster-id=7633793522030545628] [request="header:<cluster_id:7633793522030545628 > store:<id:1 address:\"127.0.0.1:0\" > "]
[2026/04/28 20:57:39.190 +08:00] [INFO] [server.go:383] ["bootstrap cluster ok"] [cluster-id=7633793522030545628]
[2026/04/28 20:57:39.194 +08:00] [INFO] [cluster.go:184] ["load stores"] [count=1] [cost=1.3432ms]
[2026/04/28 20:57:39.194 +08:00] [INFO] [coordinator.go:125] ["coordinator starts to collect cluster information"]
[2026/04/28 20:57:39.194 +08:00] [INFO] [coordinator.go:128] ["coordinator has finished cluster information preparation"]
[2026/04/28 20:57:39.194 +08:00] [INFO] [coordinator.go:138] ["coordinator starts to run schedulers"]
[2026/04/28 20:57:39.194 +08:00] [INFO] [cluster.go:201] ["background jobs has been stopped"]
[2026/04/28 20:57:39.194 +08:00] [INFO] [coordinator.go:202] ["create scheduler"] [scheduler-name=balance-region-scheduler]
[2026/04/28 20:57:39.194 +08:00] [INFO] [coordinator.go:308] ["scheduler has been stopped"] [scheduler-name=balance-region-scheduler] [error="context canceled"]
[2026/04/28 20:57:39.197 +08:00] [INFO] [coordinator.go:202] ["create scheduler"] [scheduler-name=balance-leader-scheduler]
[2026/04/28 20:57:39.197 +08:00] [INFO] [cluster.go:218] ["coordinator is stopping"]
[2026/04/28 20:57:39.197 +08:00] [INFO] [coordinator.go:308] ["scheduler has been stopped"] [scheduler-name=balance-leader-scheduler] [error="context canceled"]
[2026/04/28 20:57:39.197 +08:00] [INFO] [coordinator.go:85] ["coordinator starts patrol regions"]
[2026/04/28 20:57:39.197 +08:00] [INFO] [coordinator.go:92] ["patrol regions has been stopped"]
[2026/04/28 20:57:39.197 +08:00] [INFO] [cluster.go:214] ["coordinator has been stopped"]
[2026/04/28 20:57:39.197 +08:00] [INFO] [server.go:271] ["closing server"]
[2026/04/28 20:57:39.197 +08:00] [INFO] [server.go:679] ["server is closed, exit etcd leader loop"]
[2026/04/28 20:57:39.197 +08:00] [INFO] [server.go:662] ["server is closed"]
[2026/04/28 20:57:39.199 +08:00] [INFO] [server.go:572] ["server is closed, return leader loop"]
[2026/04/28 20:57:39.199 +08:00] [INFO] [etcd.go:360] ["closing etcd server"] [name=pd] [data-dir="/tmp\\test_pd291165400"] [advertise-peer-urls="[http://127.0.0.1:26936]"] [advertise-client-urls="[http://127.0.0.1:26935]"]
[2026/04/28 20:57:39.199 +08:00] [INFO] [server.go:1464] ["skipped leadership transfer for single voting member cluster"] [local-member-id=8b628f180be1dee7] [current-leader-member-id=8b628f180be1dee7]
[2026/04/28 20:57:39.199 +08:00] [WARN] [grpclog.go:60] ["transport: http2Server.HandleStreams failed to read frame: read tcp 127.0.0.1:26935->127.0.0.1:26950: use of closed network connection"]
[2026/04/28 20:57:39.199 +08:00] [WARN] [grpclog.go:60] ["grpc: addrConn.createTransport failed to connect to {127.0.0.1:26935 0  <nil>}. Err :connection error: desc = \"transport: Error while dialing dial tcp 127.0.0.1:26935: connectex: No connection could be made because the target machine actively refused it.\". Reconnecting..."]
[2026/04/28 20:57:39.209 +08:00] [INFO] [etcd.go:555] ["stopping serving peer traffic"] [address=127.0.0.1:26936]
[2026/04/28 20:57:39.209 +08:00] [INFO] [etcd.go:562] ["stopped serving peer traffic"] [address=127.0.0.1:26936]
[2026/04/28 20:57:39.209 +08:00] [INFO] [etcd.go:364] ["closed etcd server"] [name=pd] [data-dir="/tmp\\test_pd291165400"] [advertise-peer-urls="[http://127.0.0.1:26936]"] [advertise-client-urls="[http://127.0.0.1:26935]"]
[2026/04/28 20:57:39.209 +08:00] [INFO] [server.go:290] ["close server"]
[2026/04/28 20:57:39.226 +08:00] [INFO] [server.go:129] ["PD Config"] [config="{\"client-urls\":\"http://127.0.0.1:26953\",\"peer-urls\":\"http://127.0.0.1:26954\",\"advertise-client-urls\":\"http://127.0.0.1:26953\",\"advertise-peer-urls\":\"http://127.0.0.1:26954\",\"name\":\"pd\",\"data-dir\":\"/tmp\\\\test_pd1309542004\",\"force-new-cluster\":false,\"enable-grpc-gateway\":true,\"initial-cluster\":\"pd=http://127.0.0.1:26954\",\"initial-cluster-state\":\"new\",\"lease\":1,\"log\":{\"level\":\"\",\"format\":\"\",\"disable-timestamp\":false,\"file\":{\"filename\":\"\",\"max-size\":0,\"max-days\":0,\"max-backups\":0},\"development\":false,\"disable-caller\":false,\"disable-stacktrace\":false,\"disable-error-verbose\":false,\"sampling\":null},\"log-file\":\"\",\"log-level\":\"\",\"tso-save-interval\":\"200ms\",\"schedule\":{\"patrol-region-interval\":\"100ms\",\"max-store-down-time\":\"30m0s\",\"leader-schedule-limit\":4,\"region-schedule-limit\":2048,\"replica-schedule-limit\":64,\"schedulers-v2\":[{\"type\":\"balance-region\",\"args\":null,\"disable\":false,\"args-payload\":\"\"},{\"type\":\"balance-leader\",\"args\":null,\"disable\":false,\"args-payload\":\"\"}]},\"replication\":{\"max-replicas\":3},\"pd-server\":{\"max-reset-ts-gap\":86400000000000},\"quota-backend-bytes\":\"0B\",\"auto-compaction-mode\":\"periodic\",\"auto-compaction-retention-v2\":\"1h\",\"TickInterval\":\"100ms\",\"ElectionInterval\":\"3s\",\"security\":{\"cacert-path\":\"\",\"cert-path\":\"\",\"key-path\":\"\"},\"WarningMsgs\":null,\"DisableStrictReconfigCheck\":true,\"HeartbeatStreamBindInterval\":\"1m0s\",\"LeaderPriorityCheckInterval\":\"100ms\"}"]
[2026/04/28 20:57:39.226 +08:00] [INFO] [operator_controller.go:177] ["add operator"] [region-id=1] [operator="\"test {test} (kind:leader, region:1(1,1), createAt:2026-04-28 20:57:39.2263611 +0800 CST m=+12.582649501, startAt:0001-01-01 00:00:00 +0000 UTC, currentStep:0, steps:[]) finished\""]
[2026/04/28 20:57:39.226 +08:00] [INFO] [operator_controller.go:177] ["add operator"] [region-id=1] [operator="\"test {test} (kind:region, region:1(1,1), createAt:2026-04-28 20:57:39.2263611 +0800 CST m=+12.582649501, startAt:0001-01-01 00:00:00 +0000 UTC, currentStep:0, steps:[]) finished\""]
[2026/04/28 20:57:39.227 +08:00] [INFO] [server.go:129] ["PD Config"] [config="{\"client-urls\":\"http://127.0.0.1:26955\",\"peer-urls\":\"http://127.0.0.1:26956\",\"advertise-client-urls\":\"http://127.0.0.1:26955\",\"advertise-peer-urls\":\"http://127.0.0.1:26956\",\"name\":\"pd\",\"data-dir\":\"/tmp\\\\test_pd753611301\",\"force-new-cluster\":false,\"enable-grpc-gateway\":true,\"initial-cluster\":\"pd=http://127.0.0.1:26956\",\"initial-cluster-state\":\"new\",\"lease\":1,\"log\":{\"level\":\"\",\"format\":\"\",\"disable-timestamp\":false,\"file\":{\"filename\":\"\",\"max-size\":0,\"max-days\":0,\"max-backups\":0},\"development\":false,\"disable-caller\":false,\"disable-stacktrace\":false,\"disable-error-verbose\":false,\"sampling\":null},\"log-file\":\"\",\"log-level\":\"\",\"tso-save-interval\":\"200ms\",\"schedule\":{\"patrol-region-interval\":\"100ms\",\"max-store-down-time\":\"30m0s\",\"leader-schedule-limit\":4,\"region-schedule-limit\":2048,\"replica-schedule-limit\":64,\"schedulers-v2\":[{\"type\":\"balance-region\",\"args\":null,\"disable\":false,\"args-payload\":\"\"},{\"type\":\"balance-leader\",\"args\":null,\"disable\":false,\"args-payload\":\"\"}]},\"replication\":{\"max-replicas\":3},\"pd-server\":{\"max-reset-ts-gap\":86400000000000},\"quota-backend-bytes\":\"0B\",\"auto-compaction-mode\":\"periodic\",\"auto-compaction-retention-v2\":\"1h\",\"TickInterval\":\"100ms\",\"ElectionInterval\":\"3s\",\"security\":{\"cacert-path\":\"\",\"cert-path\":\"\",\"key-path\":\"\"},\"WarningMsgs\":null,\"DisableStrictReconfigCheck\":true,\"HeartbeatStreamBindInterval\":\"1m0s\",\"LeaderPriorityCheckInterval\":\"100ms\"}"]
[2026/04/28 20:57:39.227 +08:00] [INFO] [coordinator.go:125] ["coordinator starts to collect cluster information"]
[2026/04/28 20:57:39.227 +08:00] [INFO] [coordinator.go:128] ["coordinator has finished cluster information preparation"]
[2026/04/28 20:57:39.227 +08:00] [INFO] [coordinator.go:138] ["coordinator starts to run schedulers"]
[2026/04/28 20:57:39.227 +08:00] [INFO] [coordinator.go:202] ["create scheduler"] [scheduler-name=balance-region-scheduler]
[2026/04/28 20:57:39.227 +08:00] [INFO] [coordinator.go:202] ["create scheduler"] [scheduler-name=balance-leader-scheduler]
[2026/04/28 20:57:39.227 +08:00] [INFO] [coordinator.go:85] ["coordinator starts patrol regions"]
[2026/04/28 20:57:39.238 +08:00] [INFO] [operator_controller.go:177] ["add operator"] [region-id=2] [operator="\"balance-leader {transfer leader: store 4 to 2} (kind:leader,balance, region:2(1,1), createAt:2026-04-28 20:57:39.2382182 +0800 CST m=+12.594506601, startAt:0001-01-01 00:00:00 +0000 UTC, currentStep:0, steps:[transfer leader from store 4 to store 2])\""]
[2026/04/28 20:57:39.238 +08:00] [INFO] [operator_controller.go:254] ["send schedule command"] [region-id=2] [step="transfer leader from store 4 to store 2"] [source=create]
[2026/04/28 20:57:39.238 +08:00] [INFO] [operator_controller.go:177] ["add operator"] [region-id=1] [operator="\"balance-region {mv peer: store 4 to 1} (kind:region,balance, region:1(1,1), createAt:2026-04-28 20:57:39.2387282 +0800 CST m=+12.595016601, startAt:0001-01-01 00:00:00 +0000 UTC, currentStep:0, steps:[add peer 7 on store 1, remove peer on store 4])\""]
[2026/04/28 20:57:39.238 +08:00] [INFO] [operator_controller.go:254] ["send schedule command"] [region-id=1] [step="add peer 7 on store 1"] [source=create]
[2026/04/28 20:57:39.328 +08:00] [INFO] [coordinator.go:308] ["scheduler has been stopped"] [scheduler-name=balance-region-scheduler] [error="context canceled"]
[2026/04/28 20:57:39.328 +08:00] [INFO] [coordinator.go:308] ["scheduler has been stopped"] [scheduler-name=balance-leader-scheduler] [error="context canceled"]
[2026/04/28 20:57:39.328 +08:00] [INFO] [operator_controller.go:254] ["send schedule command"] [region-id=1] [step="add peer 7 on store 1"] [source=heartbeat]
[2026/04/28 20:57:39.328 +08:00] [INFO] [operator_controller.go:254] ["send schedule command"] [region-id=1] [step="remove peer on store 4"] [source=heartbeat]
[2026/04/28 20:57:39.328 +08:00] [INFO] [operator_controller.go:111] ["operator finish"] [region-id=1] [takes=89.6039ms] [operator="\"balance-region {mv peer: store 4 to 1} (kind:region,balance, region:1(1,1), createAt:2026-04-28 20:57:39.2387282 +0800 CST m=+12.595016601, startAt:2026-04-28 20:57:39.2387282 +0800 CST m=+12.595016601, currentStep:2, steps:[add peer 7 on store 1, remove peer on store 4]) finished\""]
[2026/04/28 20:57:39.338 +08:00] [INFO] [operator_controller.go:254] ["send schedule command"] [region-id=2] [step="transfer leader from store 4 to store 2"] [source=heartbeat]
[2026/04/28 20:57:39.338 +08:00] [INFO] [operator_controller.go:254] ["send schedule command"] [region-id=2] [step="transfer leader from store 4 to store 2"] [source=heartbeat]
[2026/04/28 20:57:39.349 +08:00] [WARN] [grpclog.go:60] ["grpc: addrConn.createTransport failed to connect to {127.0.0.1:26906 0  <nil>}. Err :connection error: desc = \"transport: Error while dialing dial tcp 127.0.0.1:26906: connectex: No connection could be made because the target machine actively refused it.\". Reconnecting..."]
[2026/04/28 20:57:39.449 +08:00] [INFO] [coordinator.go:92] ["patrol regions has been stopped"]
[2026/04/28 20:57:39.450 +08:00] [INFO] [server.go:129] ["PD Config"] [config="{\"client-urls\":\"http://127.0.0.1:26958\",\"peer-urls\":\"http://127.0.0.1:26959\",\"advertise-client-urls\":\"http://127.0.0.1:26958\",\"advertise-peer-urls\":\"http://127.0.0.1:26959\",\"name\":\"pd\",\"data-dir\":\"/tmp\\\\test_pd944555046\",\"force-new-cluster\":false,\"enable-grpc-gateway\":true,\"initial-cluster\":\"pd=http://127.0.0.1:26959\",\"initial-cluster-state\":\"new\",\"lease\":1,\"log\":{\"level\":\"\",\"format\":\"\",\"disable-timestamp\":false,\"file\":{\"filename\":\"\",\"max-size\":0,\"max-days\":0,\"max-backups\":0},\"development\":false,\"disable-caller\":false,\"disable-stacktrace\":false,\"disable-error-verbose\":false,\"sampling\":null},\"log-file\":\"\",\"log-level\":\"\",\"tso-save-interval\":\"200ms\",\"schedule\":{\"patrol-region-interval\":\"100ms\",\"max-store-down-time\":\"30m0s\",\"leader-schedule-limit\":4,\"region-schedule-limit\":2048,\"replica-schedule-limit\":64,\"schedulers-v2\":[{\"type\":\"balance-region\",\"args\":null,\"disable\":false,\"args-payload\":\"\"},{\"type\":\"balance-leader\",\"args\":null,\"disable\":false,\"args-payload\":\"\"}]},\"replication\":{\"max-replicas\":3},\"pd-server\":{\"max-reset-ts-gap\":86400000000000},\"quota-backend-bytes\":\"0B\",\"auto-compaction-mode\":\"periodic\",\"auto-compaction-retention-v2\":\"1h\",\"TickInterval\":\"100ms\",\"ElectionInterval\":\"3s\",\"security\":{\"cacert-path\":\"\",\"cert-path\":\"\",\"key-path\":\"\"},\"WarningMsgs\":null,\"DisableStrictReconfigCheck\":true,\"HeartbeatStreamBindInterval\":\"1m0s\",\"LeaderPriorityCheckInterval\":\"100ms\"}"]
[2026/04/28 20:57:39.451 +08:00] [INFO] [coordinator.go:125] ["coordinator starts to collect cluster information"]
[2026/04/28 20:57:39.451 +08:00] [INFO] [coordinator.go:128] ["coordinator has finished cluster information preparation"]
[2026/04/28 20:57:39.451 +08:00] [INFO] [coordinator.go:138] ["coordinator starts to run schedulers"]
[2026/04/28 20:57:39.451 +08:00] [INFO] [coordinator.go:202] ["create scheduler"] [scheduler-name=balance-region-scheduler]
[2026/04/28 20:57:39.451 +08:00] [INFO] [coordinator.go:202] ["create scheduler"] [scheduler-name=balance-leader-scheduler]
[2026/04/28 20:57:39.451 +08:00] [INFO] [coordinator.go:85] ["coordinator starts patrol regions"]
[2026/04/28 20:57:39.461 +08:00] [INFO] [operator_controller.go:177] ["add operator"] [region-id=1] [operator="\"balance-region {mv peer: store 4 to 1} (kind:region,balance, region:1(1,1), createAt:2026-04-28 20:57:39.4619983 +0800 CST m=+12.818286701, startAt:0001-01-01 00:00:00 +0000 UTC, currentStep:0, steps:[add peer 4 on store 1, remove peer on store 4])\""]
[2026/04/28 20:57:39.461 +08:00] [INFO] [operator_controller.go:254] ["send schedule command"] [region-id=1] [step="add peer 4 on store 1"] [source=create]
[2026/04/28 20:57:39.552 +08:00] [INFO] [operator_controller.go:254] ["send schedule command"] [region-id=1] [step="add peer 4 on store 1"] [source=heartbeat]
[2026/04/28 20:57:39.552 +08:00] [INFO] [operator_controller.go:254] ["send schedule command"] [region-id=1] [step="add peer 4 on store 1"] [source=heartbeat]
[2026/04/28 20:57:39.562 +08:00] [INFO] [operator_controller.go:254] ["send schedule command"] [region-id=1] [step="remove peer on store 4"] [source=heartbeat]
[2026/04/28 20:57:39.562 +08:00] [INFO] [operator_controller.go:111] ["operator finish"] [region-id=1] [takes=100.1559ms] [operator="\"balance-region {mv peer: store 4 to 1} (kind:region,balance, region:1(1,1), createAt:2026-04-28 20:57:39.4619983 +0800 CST m=+12.818286701, startAt:2026-04-28 20:57:39.4619983 +0800 CST m=+12.818286701, currentStep:2, steps:[add peer 4 on store 1, remove peer on store 4]) finished\""]
[2026/04/28 20:57:39.572 +08:00] [INFO] [coordinator.go:92] ["patrol regions has been stopped"]
[2026/04/28 20:57:39.572 +08:00] [INFO] [coordinator.go:308] ["scheduler has been stopped"] [scheduler-name=balance-region-scheduler] [error="context canceled"]
[2026/04/28 20:57:39.572 +08:00] [INFO] [coordinator.go:308] ["scheduler has been stopped"] [scheduler-name=balance-leader-scheduler] [error="context canceled"]
[2026/04/28 20:57:39.573 +08:00] [INFO] [server.go:129] ["PD Config"] [config="{\"client-urls\":\"http://127.0.0.1:26960\",\"peer-urls\":\"http://127.0.0.1:26961\",\"advertise-client-urls\":\"http://127.0.0.1:26960\",\"advertise-peer-urls\":\"http://127.0.0.1:26961\",\"name\":\"pd\",\"data-dir\":\"/tmp\\\\test_pd2193037689\",\"force-new-cluster\":false,\"enable-grpc-gateway\":true,\"initial-cluster\":\"pd=http://127.0.0.1:26961\",\"initial-cluster-state\":\"new\",\"lease\":1,\"log\":{\"level\":\"\",\"format\":\"\",\"disable-timestamp\":false,\"file\":{\"filename\":\"\",\"max-size\":0,\"max-days\":0,\"max-backups\":0},\"development\":false,\"disable-caller\":false,\"disable-stacktrace\":false,\"disable-error-verbose\":false,\"sampling\":null},\"log-file\":\"\",\"log-level\":\"\",\"tso-save-interval\":\"200ms\",\"schedule\":{\"patrol-region-interval\":\"100ms\",\"max-store-down-time\":\"30m0s\",\"leader-schedule-limit\":4,\"region-schedule-limit\":2048,\"replica-schedule-limit\":64,\"schedulers-v2\":[{\"type\":\"balance-region\",\"args\":null,\"disable\":false,\"args-payload\":\"\"},{\"type\":\"balance-leader\",\"args\":null,\"disable\":false,\"args-payload\":\"\"}]},\"replication\":{\"max-replicas\":3},\"pd-server\":{\"max-reset-ts-gap\":86400000000000},\"quota-backend-bytes\":\"0B\",\"auto-compaction-mode\":\"periodic\",\"auto-compaction-retention-v2\":\"1h\",\"TickInterval\":\"100ms\",\"ElectionInterval\":\"3s\",\"security\":{\"cacert-path\":\"\",\"cert-path\":\"\",\"key-path\":\"\"},\"WarningMsgs\":null,\"DisableStrictReconfigCheck\":true,\"HeartbeatStreamBindInterval\":\"1m0s\",\"LeaderPriorityCheckInterval\":\"100ms\"}"]
[2026/04/28 20:57:39.573 +08:00] [INFO] [coordinator.go:125] ["coordinator starts to collect cluster information"]
[2026/04/28 20:57:39.573 +08:00] [INFO] [coordinator.go:128] ["coordinator has finished cluster information preparation"]
[2026/04/28 20:57:39.573 +08:00] [INFO] [coordinator.go:138] ["coordinator starts to run schedulers"]
[2026/04/28 20:57:39.573 +08:00] [INFO] [coordinator.go:202] ["create scheduler"] [scheduler-name=balance-region-scheduler]
[2026/04/28 20:57:39.573 +08:00] [INFO] [coordinator.go:202] ["create scheduler"] [scheduler-name=balance-leader-scheduler]
[2026/04/28 20:57:39.573 +08:00] [INFO] [coordinator.go:85] ["coordinator starts patrol regions"]
[2026/04/28 20:57:39.573 +08:00] [INFO] [coordinator.go:308] ["scheduler has been stopped"] [scheduler-name=balance-leader-scheduler] [error="context canceled"]
[2026/04/28 20:57:39.573 +08:00] [INFO] [coordinator.go:308] ["scheduler has been stopped"] [scheduler-name=balance-region-scheduler] [error="context canceled"]
[2026/04/28 20:57:39.573 +08:00] [INFO] [coordinator.go:92] ["patrol regions has been stopped"]
[2026/04/28 20:57:39.573 +08:00] [INFO] [coordinator.go:125] ["coordinator starts to collect cluster information"]
[2026/04/28 20:57:39.573 +08:00] [INFO] [coordinator.go:128] ["coordinator has finished cluster information preparation"]
[2026/04/28 20:57:39.573 +08:00] [INFO] [coordinator.go:138] ["coordinator starts to run schedulers"]
[2026/04/28 20:57:39.573 +08:00] [INFO] [coordinator.go:192] ["skip create scheduler"] [scheduler-type=balance-region]
[2026/04/28 20:57:39.573 +08:00] [INFO] [coordinator.go:192] ["skip create scheduler"] [scheduler-type=balance-leader]
[2026/04/28 20:57:39.573 +08:00] [INFO] [coordinator.go:85] ["coordinator starts patrol regions"]
[2026/04/28 20:57:39.573 +08:00] [INFO] [coordinator.go:92] ["patrol regions has been stopped"]
[2026/04/28 20:57:39.576 +08:00] [INFO] [server.go:129] ["PD Config"] [config="{\"client-urls\":\"http://127.0.0.1:26962\",\"peer-urls\":\"http://127.0.0.1:26963\",\"advertise-client-urls\":\"http://127.0.0.1:26962\",\"advertise-peer-urls\":\"http://127.0.0.1:26963\",\"name\":\"pd\",\"data-dir\":\"/tmp\\\\test_pd2946923966\",\"force-new-cluster\":false,\"enable-grpc-gateway\":true,\"initial-cluster\":\"pd=http://127.0.0.1:26963\",\"initial-cluster-state\":\"new\",\"lease\":1,\"log\":{\"level\":\"\",\"format\":\"\",\"disable-timestamp\":false,\"file\":{\"filename\":\"\",\"max-size\":0,\"max-days\":0,\"max-backups\":0},\"development\":false,\"disable-caller\":false,\"disable-stacktrace\":false,\"disable-error-verbose\":false,\"sampling\":null},\"log-file\":\"\",\"log-level\":\"\",\"tso-save-interval\":\"200ms\",\"schedule\":{\"patrol-region-interval\":\"100ms\",\"max-store-down-time\":\"30m0s\",\"leader-schedule-limit\":4,\"region-schedule-limit\":2048,\"replica-schedule-limit\":64,\"schedulers-v2\":[{\"type\":\"balance-region\",\"args\":null,\"disable\":false,\"args-payload\":\"\"},{\"type\":\"balance-leader\",\"args\":null,\"disable\":false,\"args-payload\":\"\"}]},\"replication\":{\"max-replicas\":3},\"pd-server\":{\"max-reset-ts-gap\":86400000000000},\"quota-backend-bytes\":\"0B\",\"auto-compaction-mode\":\"periodic\",\"auto-compaction-retention-v2\":\"1h\",\"TickInterval\":\"100ms\",\"ElectionInterval\":\"3s\",\"security\":{\"cacert-path\":\"\",\"cert-path\":\"\",\"key-path\":\"\"},\"WarningMsgs\":null,\"DisableStrictReconfigCheck\":true,\"HeartbeatStreamBindInterval\":\"1m0s\",\"LeaderPriorityCheckInterval\":\"100ms\"}"]
[2026/04/28 20:57:39.576 +08:00] [INFO] [coordinator.go:125] ["coordinator starts to collect cluster information"]
[2026/04/28 20:57:39.576 +08:00] [INFO] [coordinator.go:128] ["coordinator has finished cluster information preparation"]
[2026/04/28 20:57:39.576 +08:00] [INFO] [coordinator.go:138] ["coordinator starts to run schedulers"]
[2026/04/28 20:57:39.576 +08:00] [INFO] [coordinator.go:202] ["create scheduler"] [scheduler-name=balance-region-scheduler]
[2026/04/28 20:57:39.576 +08:00] [INFO] [coordinator.go:202] ["create scheduler"] [scheduler-name=balance-leader-scheduler]
[2026/04/28 20:57:39.576 +08:00] [INFO] [coordinator.go:85] ["coordinator starts patrol regions"]
[2026/04/28 20:57:39.676 +08:00] [INFO] [operator_controller.go:177] ["add operator"] [region-id=1] [operator="\"make-up-replica {add peer: store 1} (kind:region,replica, region:1(1,1), createAt:2026-04-28 20:57:39.6766904 +0800 CST m=+13.032978801, startAt:0001-01-01 00:00:00 +0000 UTC, currentStep:0, steps:[add peer 3 on store 1])\""]
[2026/04/28 20:57:39.676 +08:00] [INFO] [operator_controller.go:254] ["send schedule command"] [region-id=1] [step="add peer 3 on store 1"] [source=create]
[2026/04/28 20:57:39.686 +08:00] [INFO] [operator_controller.go:111] ["operator finish"] [region-id=1] [takes=10.2615ms] [operator="\"make-up-replica {add peer: store 1} (kind:region,replica, region:1(1,1), createAt:2026-04-28 20:57:39.6766904 +0800 CST m=+13.032978801, startAt:2026-04-28 20:57:39.6766904 +0800 CST m=+13.032978801, currentStep:1, steps:[add peer 3 on store 1]) finished\""]
[2026/04/28 20:57:39.777 +08:00] [INFO] [operator_controller.go:177] ["add operator"] [region-id=2] [operator="\"remove-extra-replica {rm peer: store 4} (kind:region,replica, region:2(1,1), createAt:2026-04-28 20:57:39.7770639 +0800 CST m=+13.133352301, startAt:0001-01-01 00:00:00 +0000 UTC, currentStep:0, steps:[remove peer on store 4])\""]
[2026/04/28 20:57:39.777 +08:00] [INFO] [operator_controller.go:254] ["send schedule command"] [region-id=2] [step="remove peer on store 4"] [source=create]
[2026/04/28 20:57:39.807 +08:00] [INFO] [operator_controller.go:111] ["operator finish"] [region-id=2] [takes=30.165ms] [operator="\"remove-extra-replica {rm peer: store 4} (kind:region,replica, region:2(1,1), createAt:2026-04-28 20:57:39.7770639 +0800 CST m=+13.133352301, startAt:2026-04-28 20:57:39.7770639 +0800 CST m=+13.133352301, currentStep:1, steps:[remove peer on store 4]) finished\""]
[2026/04/28 20:57:39.827 +08:00] [INFO] [coordinator.go:92] ["patrol regions has been stopped"]
[2026/04/28 20:57:39.827 +08:00] [INFO] [coordinator.go:308] ["scheduler has been stopped"] [scheduler-name=balance-region-scheduler] [error="context canceled"]
[2026/04/28 20:57:39.827 +08:00] [INFO] [coordinator.go:308] ["scheduler has been stopped"] [scheduler-name=balance-leader-scheduler] [error="context canceled"]
[2026/04/28 20:57:39.829 +08:00] [INFO] [server.go:129] ["PD Config"] [config="{\"client-urls\":\"http://127.0.0.1:26966\",\"peer-urls\":\"http://127.0.0.1:26967\",\"advertise-client-urls\":\"http://127.0.0.1:26966\",\"advertise-peer-urls\":\"http://127.0.0.1:26967\",\"name\":\"pd\",\"data-dir\":\"/tmp\\\\test_pd2412340296\",\"force-new-cluster\":false,\"enable-grpc-gateway\":true,\"initial-cluster\":\"pd=http://127.0.0.1:26967\",\"initial-cluster-state\":\"new\",\"lease\":1,\"log\":{\"level\":\"\",\"format\":\"\",\"disable-timestamp\":false,\"file\":{\"filename\":\"\",\"max-size\":0,\"max-days\":0,\"max-backups\":0},\"development\":false,\"disable-caller\":false,\"disable-stacktrace\":false,\"disable-error-verbose\":false,\"sampling\":null},\"log-file\":\"\",\"log-level\":\"\",\"tso-save-interval\":\"200ms\",\"schedule\":{\"patrol-region-interval\":\"100ms\",\"max-store-down-time\":\"30m0s\",\"leader-schedule-limit\":4,\"region-schedule-limit\":2048,\"replica-schedule-limit\":64,\"schedulers-v2\":[{\"type\":\"balance-region\",\"args\":null,\"disable\":false,\"args-payload\":\"\"},{\"type\":\"balance-leader\",\"args\":null,\"disable\":false,\"args-payload\":\"\"}]},\"replication\":{\"max-replicas\":3},\"pd-server\":{\"max-reset-ts-gap\":86400000000000},\"quota-backend-bytes\":\"0B\",\"auto-compaction-mode\":\"periodic\",\"auto-compaction-retention-v2\":\"1h\",\"TickInterval\":\"100ms\",\"ElectionInterval\":\"3s\",\"security\":{\"cacert-path\":\"\",\"cert-path\":\"\",\"key-path\":\"\"},\"WarningMsgs\":null,\"DisableStrictReconfigCheck\":true,\"HeartbeatStreamBindInterval\":\"1m0s\",\"LeaderPriorityCheckInterval\":\"100ms\"}"]
[2026/04/28 20:57:39.829 +08:00] [INFO] [coordinator.go:125] ["coordinator starts to collect cluster information"]
[2026/04/28 20:57:39.829 +08:00] [INFO] [coordinator.go:128] ["coordinator has finished cluster information preparation"]
[2026/04/28 20:57:39.829 +08:00] [INFO] [coordinator.go:138] ["coordinator starts to run schedulers"]
[2026/04/28 20:57:39.829 +08:00] [INFO] [coordinator.go:202] ["create scheduler"] [scheduler-name=balance-region-scheduler]
[2026/04/28 20:57:39.829 +08:00] [INFO] [coordinator.go:202] ["create scheduler"] [scheduler-name=balance-leader-scheduler]
[2026/04/28 20:57:39.829 +08:00] [INFO] [coordinator.go:85] ["coordinator starts patrol regions"]
[2026/04/28 20:57:39.930 +08:00] [INFO] [operator_controller.go:177] ["add operator"] [region-id=1] [operator="\"make-up-replica {add peer: store 2} (kind:region,replica, region:1(1,1), createAt:2026-04-28 20:57:39.9301105 +0800 CST m=+13.286398901, startAt:0001-01-01 00:00:00 +0000 UTC, currentStep:0, steps:[add peer 2 on store 2])\""]
[2026/04/28 20:57:39.930 +08:00] [INFO] [operator_controller.go:254] ["send schedule command"] [region-id=1] [step="add peer 2 on store 2"] [source=create]
[2026/04/28 20:57:39.939 +08:00] [INFO] [coordinator.go:92] ["patrol regions has been stopped"]
[2026/04/28 20:57:39.939 +08:00] [INFO] [coordinator.go:308] ["scheduler has been stopped"] [scheduler-name=balance-region-scheduler] [error="context canceled"]
[2026/04/28 20:57:39.939 +08:00] [INFO] [coordinator.go:308] ["scheduler has been stopped"] [scheduler-name=balance-leader-scheduler] [error="context canceled"]
[2026/04/28 20:57:39.939 +08:00] [INFO] [coordinator.go:125] ["coordinator starts to collect cluster information"]
[2026/04/28 20:57:39.939 +08:00] [INFO] [coordinator.go:128] ["coordinator has finished cluster information preparation"]
[2026/04/28 20:57:39.939 +08:00] [INFO] [coordinator.go:138] ["coordinator starts to run schedulers"]
[2026/04/28 20:57:39.939 +08:00] [INFO] [coordinator.go:180] ["create scheduler with independent configuration"] [scheduler-name=balance-leader-scheduler]
[2026/04/28 20:57:39.939 +08:00] [INFO] [coordinator.go:180] ["create scheduler with independent configuration"] [scheduler-name=balance-region-scheduler]
[2026/04/28 20:57:39.939 +08:00] [INFO] [coordinator.go:202] ["create scheduler"] [scheduler-name=balance-region-scheduler]
[2026/04/28 20:57:39.939 +08:00] [INFO] [coordinator.go:202] ["create scheduler"] [scheduler-name=balance-leader-scheduler]
[2026/04/28 20:57:39.939 +08:00] [INFO] [coordinator.go:85] ["coordinator starts patrol regions"]
[2026/04/28 20:57:40.040 +08:00] [INFO] [operator_controller.go:177] ["add operator"] [region-id=1] [operator="\"make-up-replica {add peer: store 3} (kind:region,replica, region:1(1,2), createAt:2026-04-28 20:57:40.0401441 +0800 CST m=+13.396432501, startAt:0001-01-01 00:00:00 +0000 UTC, currentStep:0, steps:[add peer 3 on store 3])\""]
[2026/04/28 20:57:40.040 +08:00] [INFO] [operator_controller.go:254] ["send schedule command"] [region-id=1] [step="add peer 3 on store 3"] [source=create]
[2026/04/28 20:57:40.050 +08:00] [INFO] [coordinator.go:308] ["scheduler has been stopped"] [scheduler-name=balance-region-scheduler] [error="context canceled"]
[2026/04/28 20:57:40.050 +08:00] [INFO] [coordinator.go:92] ["patrol regions has been stopped"]
[2026/04/28 20:57:40.050 +08:00] [INFO] [coordinator.go:308] ["scheduler has been stopped"] [scheduler-name=balance-leader-scheduler] [error="context canceled"]
[2026/04/28 20:57:40.053 +08:00] [INFO] [server.go:129] ["PD Config"] [config="{\"client-urls\":\"http://127.0.0.1:26968\",\"peer-urls\":\"http://127.0.0.1:26969\",\"advertise-client-urls\":\"http://127.0.0.1:26968\",\"advertise-peer-urls\":\"http://127.0.0.1:26969\",\"name\":\"pd\",\"data-dir\":\"/tmp\\\\test_pd4041302094\",\"force-new-cluster\":false,\"enable-grpc-gateway\":true,\"initial-cluster\":\"pd=http://127.0.0.1:26969\",\"initial-cluster-state\":\"new\",\"lease\":1,\"log\":{\"level\":\"\",\"format\":\"\",\"disable-timestamp\":false,\"file\":{\"filename\":\"\",\"max-size\":0,\"max-days\":0,\"max-backups\":0},\"development\":false,\"disable-caller\":false,\"disable-stacktrace\":false,\"disable-error-verbose\":false,\"sampling\":null},\"log-file\":\"\",\"log-level\":\"\",\"tso-save-interval\":\"200ms\",\"schedule\":{\"patrol-region-interval\":\"100ms\",\"max-store-down-time\":\"30m0s\",\"leader-schedule-limit\":4,\"region-schedule-limit\":2048,\"replica-schedule-limit\":64,\"schedulers-v2\":[{\"type\":\"balance-region\",\"args\":null,\"disable\":false,\"args-payload\":\"\"},{\"type\":\"balance-leader\",\"args\":null,\"disable\":false,\"args-payload\":\"\"}]},\"replication\":{\"max-replicas\":3},\"pd-server\":{\"max-reset-ts-gap\":86400000000000},\"quota-backend-bytes\":\"0B\",\"auto-compaction-mode\":\"periodic\",\"auto-compaction-retention-v2\":\"1h\",\"TickInterval\":\"100ms\",\"ElectionInterval\":\"3s\",\"security\":{\"cacert-path\":\"\",\"cert-path\":\"\",\"key-path\":\"\"},\"WarningMsgs\":null,\"DisableStrictReconfigCheck\":true,\"HeartbeatStreamBindInterval\":\"1m0s\",\"LeaderPriorityCheckInterval\":\"100ms\"}"]
[2026/04/28 20:57:40.053 +08:00] [INFO] [server.go:129] ["PD Config"] [config="{\"client-urls\":\"http://127.0.0.1:26970\",\"peer-urls\":\"http://127.0.0.1:26971\",\"advertise-client-urls\":\"http://127.0.0.1:26970\",\"advertise-peer-urls\":\"http://127.0.0.1:26971\",\"name\":\"pd\",\"data-dir\":\"/tmp\\\\test_pd1301758471\",\"force-new-cluster\":false,\"enable-grpc-gateway\":true,\"initial-cluster\":\"pd=http://127.0.0.1:26971\",\"initial-cluster-state\":\"new\",\"lease\":1,\"log\":{\"level\":\"\",\"format\":\"\",\"disable-timestamp\":false,\"file\":{\"filename\":\"\",\"max-size\":0,\"max-days\":0,\"max-backups\":0},\"development\":false,\"disable-caller\":false,\"disable-stacktrace\":false,\"disable-error-verbose\":false,\"sampling\":null},\"log-file\":\"\",\"log-level\":\"\",\"tso-save-interval\":\"200ms\",\"schedule\":{\"patrol-region-interval\":\"100ms\",\"max-store-down-time\":\"30m0s\",\"leader-schedule-limit\":4,\"region-schedule-limit\":2048,\"replica-schedule-limit\":64,\"schedulers-v2\":[{\"type\":\"balance-region\",\"args\":null,\"disable\":false,\"args-payload\":\"\"},{\"type\":\"balance-leader\",\"args\":null,\"disable\":false,\"args-payload\":\"\"}]},\"replication\":{\"max-replicas\":3},\"pd-server\":{\"max-reset-ts-gap\":86400000000000},\"quota-backend-bytes\":\"0B\",\"auto-compaction-mode\":\"periodic\",\"auto-compaction-retention-v2\":\"1h\",\"TickInterval\":\"100ms\",\"ElectionInterval\":\"3s\",\"security\":{\"cacert-path\":\"\",\"cert-path\":\"\",\"key-path\":\"\"},\"WarningMsgs\":null,\"DisableStrictReconfigCheck\":true,\"HeartbeatStreamBindInterval\":\"1m0s\",\"LeaderPriorityCheckInterval\":\"100ms\"}"]
[2026/04/28 20:57:40.056 +08:00] [INFO] [operator_controller.go:177] ["add operator"] [region-id=1] [operator="\"test {test} (kind:leader, region:1(1,1), createAt:2026-04-28 20:57:40.0561478 +0800 CST m=+13.412436201, startAt:0001-01-01 00:00:00 +0000 UTC, currentStep:0, steps:[]) finished\""]
[2026/04/28 20:57:40.056 +08:00] [INFO] [operator_controller.go:177] ["add operator"] [region-id=2] [operator="\"test {test} (kind:leader, region:2(1,1), createAt:2026-04-28 20:57:40.0566623 +0800 CST m=+13.412950701, startAt:0001-01-01 00:00:00 +0000 UTC, currentStep:0, steps:[]) finished\""]
[2026/04/28 20:57:40.056 +08:00] [INFO] [operator_controller.go:177] ["add operator"] [region-id=1] [operator="\"test {test} (kind:region, region:1(1,1), createAt:2026-04-28 20:57:40.0566623 +0800 CST m=+13.412950701, startAt:0001-01-01 00:00:00 +0000 UTC, currentStep:0, steps:[]) finished\""]
[2026/04/28 20:57:40.056 +08:00] [INFO] [operator_controller.go:177] ["add operator"] [region-id=2] [operator="\"test {test} (kind:region, region:2(1,1), createAt:2026-04-28 20:57:40.0566623 +0800 CST m=+13.412950701, startAt:0001-01-01 00:00:00 +0000 UTC, currentStep:0, steps:[]) finished\""]
[2026/04/28 20:57:40.056 +08:00] [INFO] [operator_controller.go:183] ["replace old operator"] [region-id=2] [takes=0s] [operator="\"test {test} (kind:leader, region:2(1,1), createAt:2026-04-28 20:57:40.0566623 +0800 CST m=+13.412950701, startAt:2026-04-28 20:57:40.0566623 +0800 CST m=+13.412950701, currentStep:0, steps:[]) finished\""]
[2026/04/28 20:57:40.057 +08:00] [INFO] [server.go:129] ["PD Config"] [config="{\"client-urls\":\"http://127.0.0.1:26972\",\"peer-urls\":\"http://127.0.0.1:26973\",\"advertise-client-urls\":\"http://127.0.0.1:26972\",\"advertise-peer-urls\":\"http://127.0.0.1:26973\",\"name\":\"pd\",\"data-dir\":\"/tmp\\\\test_pd700092956\",\"force-new-cluster\":false,\"enable-grpc-gateway\":true,\"initial-cluster\":\"pd=http://127.0.0.1:26973\",\"initial-cluster-state\":\"new\",\"lease\":1,\"log\":{\"level\":\"\",\"format\":\"\",\"disable-timestamp\":false,\"file\":{\"filename\":\"\",\"max-size\":0,\"max-days\":0,\"max-backups\":0},\"development\":false,\"disable-caller\":false,\"disable-stacktrace\":false,\"disable-error-verbose\":false,\"sampling\":null},\"log-file\":\"\",\"log-level\":\"\",\"tso-save-interval\":\"200ms\",\"schedule\":{\"patrol-region-interval\":\"100ms\",\"max-store-down-time\":\"30m0s\",\"leader-schedule-limit\":4,\"region-schedule-limit\":2048,\"replica-schedule-limit\":64,\"schedulers-v2\":[{\"type\":\"balance-region\",\"args\":null,\"disable\":false,\"args-payload\":\"\"},{\"type\":\"balance-leader\",\"args\":null,\"disable\":false,\"args-payload\":\"\"}]},\"replication\":{\"max-replicas\":3},\"pd-server\":{\"max-reset-ts-gap\":86400000000000},\"quota-backend-bytes\":\"0B\",\"auto-compaction-mode\":\"periodic\",\"auto-compaction-retention-v2\":\"1h\",\"TickInterval\":\"100ms\",\"ElectionInterval\":\"3s\",\"security\":{\"cacert-path\":\"\",\"cert-path\":\"\",\"key-path\":\"\"},\"WarningMsgs\":null,\"DisableStrictReconfigCheck\":true,\"HeartbeatStreamBindInterval\":\"1m0s\",\"LeaderPriorityCheckInterval\":\"100ms\"}"]
[2026/04/28 20:57:40.057 +08:00] [INFO] [operator_controller.go:177] ["add operator"] [region-id=1] [operator="\"test {test} (kind:leader, region:1(1,1), createAt:2026-04-28 20:57:40.0576944 +0800 CST m=+13.413982801, startAt:0001-01-01 00:00:00 +0000 UTC, currentStep:0, steps:[]) finished\""]
[2026/04/28 20:57:40.057 +08:00] [INFO] [operator_controller.go:177] ["add operator"] [region-id=2] [operator="\"test {test} (kind:leader, region:2(1,1), createAt:2026-04-28 20:57:40.0576944 +0800 CST m=+13.413982801, startAt:0001-01-01 00:00:00 +0000 UTC, currentStep:0, steps:[]) finished\""]
[2026/04/28 20:57:40.057 +08:00] [INFO] [operator_controller.go:177] ["add operator"] [region-id=1] [operator="\"test {test} (kind:leader, region:1(1,1), createAt:2026-04-28 20:57:40.0576944 +0800 CST m=+13.413982801, startAt:2026-04-28 20:57:40.0576944 +0800 CST m=+13.413982801, currentStep:0, steps:[]) finished\""]
[2026/04/28 20:57:40.057 +08:00] [INFO] [operator_controller.go:177] ["add operator"] [region-id=2] [operator="\"test {test} (kind:balance, region:2(1,1), createAt:2026-04-28 20:57:40.0576944 +0800 CST m=+13.413982801, startAt:0001-01-01 00:00:00 +0000 UTC, currentStep:0, steps:[]) finished\""]
[2026/04/28 20:57:40.057 +08:00] [INFO] [operator_controller.go:183] ["replace old operator"] [region-id=2] [takes=0s] [operator="\"test {test} (kind:leader, region:2(1,1), createAt:2026-04-28 20:57:40.0576944 +0800 CST m=+13.413982801, startAt:2026-04-28 20:57:40.0576944 +0800 CST m=+13.413982801, currentStep:0, steps:[]) finished\""]
[2026/04/28 20:57:40.057 +08:00] [INFO] [operator_controller.go:177] ["add operator"] [region-id=2] [operator="\"test {test} (kind:leader, region:2(1,1), createAt:2026-04-28 20:57:40.0576944 +0800 CST m=+13.413982801, startAt:2026-04-28 20:57:40.0576944 +0800 CST m=+13.413982801, currentStep:0, steps:[]) finished\""]
[2026/04/28 20:57:40.057 +08:00] [INFO] [operator_controller.go:177] ["add operator"] [region-id=2] [operator="\"test {test} (kind:admin, region:2(1,1), createAt:2026-04-28 20:57:40.0576944 +0800 CST m=+13.413982801, startAt:0001-01-01 00:00:00 +0000 UTC, currentStep:0, steps:[]) finished\""]
[2026/04/28 20:57:40.057 +08:00] [INFO] [operator_controller.go:183] ["replace old operator"] [region-id=2] [takes=0s] [operator="\"test {test} (kind:leader, region:2(1,1), createAt:2026-04-28 20:57:40.0576944 +0800 CST m=+13.413982801, startAt:2026-04-28 20:57:40.0576944 +0800 CST m=+13.413982801, currentStep:0, steps:[]) finished\""]
[2026/04/28 20:57:40.057 +08:00] [INFO] [operator_controller.go:177] ["add operator"] [region-id=1] [operator="\"test {test} (kind:leader, region:1(1,1), createAt:2026-04-28 20:57:40.0576944 +0800 CST m=+13.413982801, startAt:0001-01-01 00:00:00 +0000 UTC, currentStep:0, steps:[]) finished\""]
[2026/04/28 20:57:40.060 +08:00] [INFO] [server.go:129] ["PD Config"] [config="{\"client-urls\":\"http://127.0.0.1:26974\",\"peer-urls\":\"http://127.0.0.1:26975\",\"advertise-client-urls\":\"http://127.0.0.1:26974\",\"advertise-peer-urls\":\"http://127.0.0.1:26975\",\"name\":\"pd\",\"data-dir\":\"/tmp\\\\test_pd3797839886\",\"force-new-cluster\":false,\"enable-grpc-gateway\":true,\"initial-cluster\":\"pd=http://127.0.0.1:26975\",\"initial-cluster-state\":\"new\",\"lease\":1,\"log\":{\"level\":\"\",\"format\":\"\",\"disable-timestamp\":false,\"file\":{\"filename\":\"\",\"max-size\":0,\"max-days\":0,\"max-backups\":0},\"development\":false,\"disable-caller\":false,\"disable-stacktrace\":false,\"disable-error-verbose\":false,\"sampling\":null},\"log-file\":\"\",\"log-level\":\"\",\"tso-save-interval\":\"200ms\",\"schedule\":{\"patrol-region-interval\":\"100ms\",\"max-store-down-time\":\"30m0s\",\"leader-schedule-limit\":4,\"region-schedule-limit\":2048,\"replica-schedule-limit\":64,\"schedulers-v2\":[{\"type\":\"balance-region\",\"args\":null,\"disable\":false,\"args-payload\":\"\"},{\"type\":\"balance-leader\",\"args\":null,\"disable\":false,\"args-payload\":\"\"}]},\"replication\":{\"max-replicas\":3},\"pd-server\":{\"max-reset-ts-gap\":86400000000000},\"quota-backend-bytes\":\"0B\",\"auto-compaction-mode\":\"periodic\",\"auto-compaction-retention-v2\":\"1h\",\"TickInterval\":\"100ms\",\"ElectionInterval\":\"3s\",\"security\":{\"cacert-path\":\"\",\"cert-path\":\"\",\"key-path\":\"\"},\"WarningMsgs\":null,\"DisableStrictReconfigCheck\":true,\"HeartbeatStreamBindInterval\":\"1m0s\",\"LeaderPriorityCheckInterval\":\"100ms\"}"]
[2026/04/28 20:57:40.065 +08:00] [INFO] [server.go:129] ["PD Config"] [config="{\"client-urls\":\"http://127.0.0.1:26976\",\"peer-urls\":\"http://127.0.0.1:26977\",\"advertise-client-urls\":\"http://127.0.0.1:26976\",\"advertise-peer-urls\":\"http://127.0.0.1:26977\",\"name\":\"pd1\",\"data-dir\":\"/tmp/test_pd_check_clusterID_0\",\"force-new-cluster\":false,\"enable-grpc-gateway\":true,\"initial-cluster\":\"pd1=http://127.0.0.1:26977\",\"initial-cluster-state\":\"new\",\"lease\":1,\"log\":{\"level\":\"\",\"format\":\"\",\"disable-timestamp\":false,\"file\":{\"filename\":\"\",\"max-size\":0,\"max-days\":0,\"max-backups\":0},\"development\":false,\"disable-caller\":false,\"disable-stacktrace\":false,\"disable-error-verbose\":false,\"sampling\":null},\"log-file\":\"\",\"log-level\":\"\",\"tso-save-interval\":\"200ms\",\"schedule\":{\"patrol-region-interval\":\"100ms\",\"max-store-down-time\":\"30m0s\",\"leader-schedule-limit\":4,\"region-schedule-limit\":2048,\"replica-schedule-limit\":64,\"schedulers-v2\":[{\"type\":\"balance-region\",\"args\":null,\"disable\":false,\"args-payload\":\"\"},{\"type\":\"balance-leader\",\"args\":null,\"disable\":false,\"args-payload\":\"\"}]},\"replication\":{\"max-replicas\":3},\"pd-server\":{\"max-reset-ts-gap\":86400000000000},\"quota-backend-bytes\":\"0B\",\"auto-compaction-mode\":\"periodic\",\"auto-compaction-retention-v2\":\"1h\",\"TickInterval\":\"100ms\",\"ElectionInterval\":\"3s\",\"security\":{\"cacert-path\":\"\",\"cert-path\":\"\",\"key-path\":\"\"},\"WarningMsgs\":null,\"DisableStrictReconfigCheck\":true,\"HeartbeatStreamBindInterval\":\"1m0s\",\"LeaderPriorityCheckInterval\":\"100ms\"}"]
[2026/04/28 20:57:40.065 +08:00] [INFO] [server.go:159] ["start embed etcd"]
[2026/04/28 20:57:40.066 +08:00] [INFO] [etcd.go:117] ["configuring peer listeners"] [listen-peer-urls="[http://127.0.0.1:26977]"]
[2026/04/28 20:57:40.066 +08:00] [INFO] [etcd.go:127] ["configuring client listeners"] [listen-client-urls="[http://127.0.0.1:26976]"]
[2026/04/28 20:57:40.066 +08:00] [INFO] [etcd.go:602] ["pprof is enabled"] [path=/debug/pprof]
[2026/04/28 20:57:40.066 +08:00] [INFO] [etcd.go:299] ["starting an etcd server"] [etcd-version=3.4.3] [git-sha="Not provided (use ./build instead of go build)"] [go-version=go1.26.1] [go-os=windows] [go-arch=amd64] [max-cpu-set=16] [max-cpu-available=16] [member-initialized=false] [name=pd1] [data-dir=/tmp/test_pd_check_clusterID_0] [wal-dir=] [wal-dir-dedicated=] [member-dir="\\tmp\\test_pd_check_clusterID_0\\member"] [force-new-cluster=false] [heartbeat-interval=100ms] [election-timeout=3s] [initial-election-tick-advance=true] [snapshot-count=100000] [snapshot-catchup-entries=5000] [initial-advertise-peer-urls="[http://127.0.0.1:26977]"] [listen-peer-urls="[http://127.0.0.1:26977]"] [advertise-client-urls="[http://127.0.0.1:26976]"] [listen-client-urls="[http://127.0.0.1:26976]"] [listen-metrics-urls="[]"] [cors="[*]"] [host-whitelist="[*]"] [initial-cluster="pd1=http://127.0.0.1:26977"] [initial-cluster-state=new] [initial-cluster-token=etcd-cluster] [quota-size-bytes=2147483648] [pre-vote=false] [initial-corrupt-check=false] [corrupt-check-time-interval=0s] [auto-compaction-mode=periodic] [auto-compaction-retention=1h0m0s] [auto-compaction-interval=1h0m0s] [discovery-url=] [discovery-proxy=]
[2026/04/28 20:57:40.080 +08:00] [INFO] [backend.go:79] ["opened backend db"] [path="\\tmp\\test_pd_check_clusterID_0\\member\\snap\\db"] [took=10.9086ms]
[2026/04/28 20:57:40.087 +08:00] [INFO] [wal.go:283] ["closing WAL to release flock and retry directory renaming"] [from="\\tmp\\test_pd_check_clusterID_0\\member\\wal.tmp"] [to="\\tmp\\test_pd_check_clusterID_0\\member\\wal"]
[2026/04/28 20:57:40.095 +08:00] [INFO] [raft.go:456] ["starting local member"] [local-member-id=4cfd80cb7b47f158] [cluster-id=cf27d68ec0483b0d]
[2026/04/28 20:57:40.096 +08:00] [INFO] [raft.go:1530] ["4cfd80cb7b47f158 switched to configuration voters=()"]
[2026/04/28 20:57:40.096 +08:00] [INFO] [raft.go:700] ["4cfd80cb7b47f158 became follower at term 0"]
[2026/04/28 20:57:40.096 +08:00] [INFO] [raft.go:383] ["newRaft 4cfd80cb7b47f158 [peers: [], term: 0, commit: 0, applied: 0, lastindex: 0, lastterm: 0]"]
[2026/04/28 20:57:40.096 +08:00] [INFO] [raft.go:700] ["4cfd80cb7b47f158 became follower at term 1"]
[2026/04/28 20:57:40.096 +08:00] [INFO] [raft.go:1530] ["4cfd80cb7b47f158 switched to configuration voters=(5547731927425347928)"]
[2026/04/28 20:57:40.110 +08:00] [WARN] [store.go:1317] ["simple token is not cryptographically signed"]
[2026/04/28 20:57:40.119 +08:00] [INFO] [server.go:792] ["starting etcd server"] [local-member-id=4cfd80cb7b47f158] [local-server-version=3.4.3] [cluster-version=to_be_decided]
[2026/04/28 20:57:40.119 +08:00] [WARN] [metrics.go:193] ["failed to get file descriptor usage"] [error="cannot get FDUsage on windows"]
[2026/04/28 20:57:40.119 +08:00] [INFO] [server.go:658] ["started as single-node; fast-forwarding election ticks"] [local-member-id=4cfd80cb7b47f158] [forward-ticks=29] [forward-duration=2.9s] [election-ticks=30] [election-timeout=3s]
[2026/04/28 20:57:40.119 +08:00] [INFO] [raft.go:1530] ["4cfd80cb7b47f158 switched to configuration voters=(5547731927425347928)"]
[2026/04/28 20:57:40.119 +08:00] [INFO] [cluster.go:392] ["added member"] [cluster-id=cf27d68ec0483b0d] [local-member-id=4cfd80cb7b47f158] [added-peer-id=4cfd80cb7b47f158] [added-peer-peer-urls="[http://127.0.0.1:26977]"]
[2026/04/28 20:57:40.119 +08:00] [INFO] [etcd.go:576] ["serving peer traffic"] [address=127.0.0.1:26977]
[2026/04/28 20:57:40.119 +08:00] [INFO] [etcd.go:241] ["now serving peer/client/metrics"] [local-member-id=4cfd80cb7b47f158] [initial-advertise-peer-urls="[http://127.0.0.1:26977]"] [listen-peer-urls="[http://127.0.0.1:26977]"] [advertise-client-urls="[http://127.0.0.1:26976]"] [listen-client-urls="[http://127.0.0.1:26976]"] [listen-metrics-urls="[]"]
[2026/04/28 20:57:40.200 +08:00] [WARN] [grpclog.go:60] ["grpc: addrConn.createTransport failed to connect to {127.0.0.1:26935 0  <nil>}. Err :connection error: desc = \"transport: Error while dialing dial tcp 127.0.0.1:26935: connectex: No connection could be made because the target machine actively refused it.\". Reconnecting..."]
[2026/04/28 20:57:41.385 +08:00] [WARN] [grpclog.go:60] ["grpc: addrConn.createTransport failed to connect to {127.0.0.1:26925 0  <nil>}. Err :connection error: desc = \"transport: Error while dialing dial tcp 127.0.0.1:26925: connectex: No connection could be made because the target machine actively refused it.\". Reconnecting..."]
[2026/04/28 20:57:41.877 +08:00] [WARN] [grpclog.go:60] ["grpc: addrConn.createTransport failed to connect to {127.0.0.1:26935 0  <nil>}. Err :connection error: desc = \"transport: Error while dialing dial tcp 127.0.0.1:26935: connectex: No connection could be made because the target machine actively refused it.\". Reconnecting..."]
[2026/04/28 20:57:41.997 +08:00] [INFO] [raft.go:923] ["4cfd80cb7b47f158 is starting a new election at term 1"]
[2026/04/28 20:57:41.997 +08:00] [INFO] [raft.go:713] ["4cfd80cb7b47f158 became candidate at term 2"]
[2026/04/28 20:57:41.997 +08:00] [INFO] [raft.go:824] ["4cfd80cb7b47f158 received MsgVoteResp from 4cfd80cb7b47f158 at term 2"]
[2026/04/28 20:57:41.997 +08:00] [INFO] [raft.go:765] ["4cfd80cb7b47f158 became leader at term 2"]
[2026/04/28 20:57:41.997 +08:00] [INFO] [node.go:325] ["raft.node: 4cfd80cb7b47f158 elected leader 4cfd80cb7b47f158 at term 2"]
[2026/04/28 20:57:41.997 +08:00] [INFO] [server.go:2501] ["setting up initial cluster version"] [cluster-version=3.4]
[2026/04/28 20:57:42.000 +08:00] [INFO] [cluster.go:558] ["set initial cluster version"] [cluster-id=cf27d68ec0483b0d] [local-member-id=4cfd80cb7b47f158] [cluster-version=3.4]
[2026/04/28 20:57:42.000 +08:00] [INFO] [server.go:2016] ["published local member to cluster through raft"] [local-member-id=4cfd80cb7b47f158] [local-member-attributes="{Name:pd1 ClientURLs:[http://127.0.0.1:26976]}"] [request-path=/0/members/4cfd80cb7b47f158/attributes] [cluster-id=cf27d68ec0483b0d] [publish-timeout=11s]
[2026/04/28 20:57:42.000 +08:00] [INFO] [server.go:189] ["create etcd v3 client"] [endpoints="[http://127.0.0.1:26976]"]
[2026/04/28 20:57:42.000 +08:00] [INFO] [server.go:2533] ["cluster version is updated"] [cluster-version=3.4]
[2026/04/28 20:57:42.001 +08:00] [INFO] [serve.go:139] ["serving client traffic insecurely; this is strongly discouraged!"] [address=127.0.0.1:26976]
[2026/04/28 20:57:42.003 +08:00] [INFO] [server.go:226] ["init cluster id"] [cluster-id=7633793536274557402]
[2026/04/28 20:57:42.005 +08:00] [INFO] [server.go:599] ["start to campaign leader"] [campaign-leader-name=pd1]
[2026/04/28 20:57:42.008 +08:00] [INFO] [server.go:616] ["campaign leader ok"] [campaign-leader-name=pd1]
[2026/04/28 20:57:42.011 +08:00] [INFO] [tso.go:129] ["sync and save timestamp"] [last=1754/08/30 22:43:41.128 +00:00] [save=2026/04/28 20:57:42.210 +08:00] [next=2026/04/28 20:57:42.010 +08:00]
[2026/04/28 20:57:42.014 +08:00] [INFO] [server.go:636] ["PD cluster leader is ready to serve"] [leader-name=pd1]
[2026/04/28 20:57:42.104 +08:00] [INFO] [server.go:271] ["closing server"]
[2026/04/28 20:57:42.104 +08:00] [INFO] [server.go:679] ["server is closed, exit etcd leader loop"]
[2026/04/28 20:57:42.104 +08:00] [INFO] [server.go:662] ["server is closed"]
[2026/04/28 20:57:42.104 +08:00] [INFO] [server.go:572] ["server is closed, return leader loop"]
[2026/04/28 20:57:42.104 +08:00] [INFO] [etcd.go:360] ["closing etcd server"] [name=pd1] [data-dir=/tmp/test_pd_check_clusterID_0] [advertise-peer-urls="[http://127.0.0.1:26977]"] [advertise-client-urls="[http://127.0.0.1:26976]"]
[2026/04/28 20:57:42.104 +08:00] [INFO] [server.go:1464] ["skipped leadership transfer for single voting member cluster"] [local-member-id=4cfd80cb7b47f158] [current-leader-member-id=4cfd80cb7b47f158]
[2026/04/28 20:57:42.104 +08:00] [WARN] [grpclog.go:60] ["transport: http2Server.HandleStreams failed to read frame: read tcp 127.0.0.1:26976->127.0.0.1:26989: use of closed network connection"]
[2026/04/28 20:57:42.115 +08:00] [INFO] [etcd.go:555] ["stopping serving peer traffic"] [address=127.0.0.1:26977]
[2026/04/28 20:57:42.115 +08:00] [INFO] [etcd.go:562] ["stopped serving peer traffic"] [address=127.0.0.1:26977]
[2026/04/28 20:57:42.115 +08:00] [INFO] [etcd.go:364] ["closed etcd server"] [name=pd1] [data-dir=/tmp/test_pd_check_clusterID_0] [advertise-peer-urls="[http://127.0.0.1:26977]"] [advertise-client-urls="[http://127.0.0.1:26976]"]
[2026/04/28 20:57:42.115 +08:00] [INFO] [server.go:290] ["close server"]
[2026/04/28 20:57:42.115 +08:00] [INFO] [server.go:129] ["PD Config"] [config="{\"client-urls\":\"http://127.0.0.1:26978\",\"peer-urls\":\"http://127.0.0.1:26979\",\"advertise-client-urls\":\"http://127.0.0.1:26978\",\"advertise-peer-urls\":\"http://127.0.0.1:26979\",\"name\":\"pd2\",\"data-dir\":\"/tmp/test_pd_check_clusterID_1\",\"force-new-cluster\":false,\"enable-grpc-gateway\":true,\"initial-cluster\":\"pd2=http://127.0.0.1:26979\",\"initial-cluster-state\":\"new\",\"lease\":1,\"log\":{\"level\":\"\",\"format\":\"\",\"disable-timestamp\":false,\"file\":{\"filename\":\"\",\"max-size\":0,\"max-days\":0,\"max-backups\":0},\"development\":false,\"disable-caller\":false,\"disable-stacktrace\":false,\"disable-error-verbose\":false,\"sampling\":null},\"log-file\":\"\",\"log-level\":\"\",\"tso-save-interval\":\"200ms\",\"schedule\":{\"patrol-region-interval\":\"100ms\",\"max-store-down-time\":\"30m0s\",\"leader-schedule-limit\":4,\"region-schedule-limit\":2048,\"replica-schedule-limit\":64,\"schedulers-v2\":[{\"type\":\"balance-region\",\"args\":null,\"disable\":false,\"args-payload\":\"\"},{\"type\":\"balance-leader\",\"args\":null,\"disable\":false,\"args-payload\":\"\"}]},\"replication\":{\"max-replicas\":3},\"pd-server\":{\"max-reset-ts-gap\":86400000000000},\"quota-backend-bytes\":\"0B\",\"auto-compaction-mode\":\"periodic\",\"auto-compaction-retention-v2\":\"1h\",\"TickInterval\":\"100ms\",\"ElectionInterval\":\"3s\",\"security\":{\"cacert-path\":\"\",\"cert-path\":\"\",\"key-path\":\"\"},\"WarningMsgs\":null,\"DisableStrictReconfigCheck\":true,\"HeartbeatStreamBindInterval\":\"1m0s\",\"LeaderPriorityCheckInterval\":\"100ms\"}"]
[2026/04/28 20:57:42.115 +08:00] [INFO] [server.go:159] ["start embed etcd"]
[2026/04/28 20:57:42.115 +08:00] [INFO] [etcd.go:117] ["configuring peer listeners"] [listen-peer-urls="[http://127.0.0.1:26979]"]
[2026/04/28 20:57:42.116 +08:00] [INFO] [etcd.go:127] ["configuring client listeners"] [listen-client-urls="[http://127.0.0.1:26978]"]
[2026/04/28 20:57:42.116 +08:00] [INFO] [etcd.go:602] ["pprof is enabled"] [path=/debug/pprof]
[2026/04/28 20:57:42.116 +08:00] [INFO] [etcd.go:299] ["starting an etcd server"] [etcd-version=3.4.3] [git-sha="Not provided (use ./build instead of go build)"] [go-version=go1.26.1] [go-os=windows] [go-arch=amd64] [max-cpu-set=16] [max-cpu-available=16] [member-initialized=false] [name=pd2] [data-dir=/tmp/test_pd_check_clusterID_1] [wal-dir=] [wal-dir-dedicated=] [member-dir="\\tmp\\test_pd_check_clusterID_1\\member"] [force-new-cluster=false] [heartbeat-interval=100ms] [election-timeout=3s] [initial-election-tick-advance=true] [snapshot-count=100000] [snapshot-catchup-entries=5000] [initial-advertise-peer-urls="[http://127.0.0.1:26979]"] [listen-peer-urls="[http://127.0.0.1:26979]"] [advertise-client-urls="[http://127.0.0.1:26978]"] [listen-client-urls="[http://127.0.0.1:26978]"] [listen-metrics-urls="[]"] [cors="[*]"] [host-whitelist="[*]"] [initial-cluster="pd2=http://127.0.0.1:26979"] [initial-cluster-state=new] [initial-cluster-token=etcd-cluster] [quota-size-bytes=2147483648] [pre-vote=false] [initial-corrupt-check=false] [corrupt-check-time-interval=0s] [auto-compaction-mode=periodic] [auto-compaction-retention=1h0m0s] [auto-compaction-interval=1h0m0s] [discovery-url=] [discovery-proxy=]
[2026/04/28 20:57:42.123 +08:00] [INFO] [backend.go:79] ["opened backend db"] [path="\\tmp\\test_pd_check_clusterID_1\\member\\snap\\db"] [took=3.0662ms]
[2026/04/28 20:57:42.126 +08:00] [WARN] [grpclog.go:60] ["grpc: addrConn.createTransport failed to connect to {127.0.0.1:26883 0  <nil>}. Err :connection error: desc = \"transport: Error while dialing dial tcp 127.0.0.1:26883: connectex: No connection could be made because the target machine actively refused it.\". Reconnecting..."]
[2026/04/28 20:57:42.129 +08:00] [INFO] [wal.go:283] ["closing WAL to release flock and retry directory renaming"] [from="\\tmp\\test_pd_check_clusterID_1\\member\\wal.tmp"] [to="\\tmp\\test_pd_check_clusterID_1\\member\\wal"]
[2026/04/28 20:57:42.137 +08:00] [INFO] [raft.go:456] ["starting local member"] [local-member-id=6a5faa18538dd1a2] [cluster-id=a8b16db5c47658b9]
[2026/04/28 20:57:42.137 +08:00] [INFO] [raft.go:1530] ["6a5faa18538dd1a2 switched to configuration voters=()"]
[2026/04/28 20:57:42.137 +08:00] [INFO] [raft.go:700] ["6a5faa18538dd1a2 became follower at term 0"]
[2026/04/28 20:57:42.137 +08:00] [INFO] [raft.go:383] ["newRaft 6a5faa18538dd1a2 [peers: [], term: 0, commit: 0, applied: 0, lastindex: 0, lastterm: 0]"]
[2026/04/28 20:57:42.137 +08:00] [INFO] [raft.go:700] ["6a5faa18538dd1a2 became follower at term 1"]
[2026/04/28 20:57:42.137 +08:00] [INFO] [raft.go:1530] ["6a5faa18538dd1a2 switched to configuration voters=(7665032112265613730)"]
[2026/04/28 20:57:42.147 +08:00] [WARN] [store.go:1317] ["simple token is not cryptographically signed"]
[2026/04/28 20:57:42.157 +08:00] [INFO] [server.go:792] ["starting etcd server"] [local-member-id=6a5faa18538dd1a2] [local-server-version=3.4.3] [cluster-version=to_be_decided]
[2026/04/28 20:57:42.158 +08:00] [WARN] [metrics.go:193] ["failed to get file descriptor usage"] [error="cannot get FDUsage on windows"]
[2026/04/28 20:57:42.158 +08:00] [INFO] [server.go:658] ["started as single-node; fast-forwarding election ticks"] [local-member-id=6a5faa18538dd1a2] [forward-ticks=29] [forward-duration=2.9s] [election-ticks=30] [election-timeout=3s]
[2026/04/28 20:57:42.158 +08:00] [INFO] [raft.go:1530] ["6a5faa18538dd1a2 switched to configuration voters=(7665032112265613730)"]
[2026/04/28 20:57:42.158 +08:00] [INFO] [cluster.go:392] ["added member"] [cluster-id=a8b16db5c47658b9] [local-member-id=6a5faa18538dd1a2] [added-peer-id=6a5faa18538dd1a2] [added-peer-peer-urls="[http://127.0.0.1:26979]"]
[2026/04/28 20:57:42.158 +08:00] [INFO] [etcd.go:576] ["serving peer traffic"] [address=127.0.0.1:26979]
[2026/04/28 20:57:42.158 +08:00] [INFO] [etcd.go:241] ["now serving peer/client/metrics"] [local-member-id=6a5faa18538dd1a2] [initial-advertise-peer-urls="[http://127.0.0.1:26979]"] [listen-peer-urls="[http://127.0.0.1:26979]"] [advertise-client-urls="[http://127.0.0.1:26978]"] [listen-client-urls="[http://127.0.0.1:26978]"] [listen-metrics-urls="[]"]
[2026/04/28 20:57:42.813 +08:00] [WARN] [grpclog.go:60] ["grpc: addrConn.createTransport failed to connect to {127.0.0.1:26906 0  <nil>}. Err :connection error: desc = \"transport: Error while dialing dial tcp 127.0.0.1:26906: connectex: No connection could be made because the target machine actively refused it.\". Reconnecting..."]
[2026/04/28 20:57:43.039 +08:00] [INFO] [raft.go:923] ["6a5faa18538dd1a2 is starting a new election at term 1"]
[2026/04/28 20:57:43.039 +08:00] [INFO] [raft.go:713] ["6a5faa18538dd1a2 became candidate at term 2"]
[2026/04/28 20:57:43.039 +08:00] [INFO] [raft.go:824] ["6a5faa18538dd1a2 received MsgVoteResp from 6a5faa18538dd1a2 at term 2"]
[2026/04/28 20:57:43.039 +08:00] [INFO] [raft.go:765] ["6a5faa18538dd1a2 became leader at term 2"]
[2026/04/28 20:57:43.039 +08:00] [INFO] [node.go:325] ["raft.node: 6a5faa18538dd1a2 elected leader 6a5faa18538dd1a2 at term 2"]
[2026/04/28 20:57:43.039 +08:00] [INFO] [server.go:2501] ["setting up initial cluster version"] [cluster-version=3.4]
[2026/04/28 20:57:43.044 +08:00] [INFO] [cluster.go:558] ["set initial cluster version"] [cluster-id=a8b16db5c47658b9] [local-member-id=6a5faa18538dd1a2] [cluster-version=3.4]
[2026/04/28 20:57:43.044 +08:00] [INFO] [server.go:189] ["create etcd v3 client"] [endpoints="[http://127.0.0.1:26978]"]
[2026/04/28 20:57:43.044 +08:00] [INFO] [server.go:2016] ["published local member to cluster through raft"] [local-member-id=6a5faa18538dd1a2] [local-member-attributes="{Name:pd2 ClientURLs:[http://127.0.0.1:26978]}"] [request-path=/0/members/6a5faa18538dd1a2/attributes] [cluster-id=a8b16db5c47658b9] [publish-timeout=11s]
[2026/04/28 20:57:43.044 +08:00] [INFO] [server.go:2533] ["cluster version is updated"] [cluster-version=3.4]
[2026/04/28 20:57:43.044 +08:00] [INFO] [serve.go:139] ["serving client traffic insecurely; this is strongly discouraged!"] [address=127.0.0.1:26978]
[2026/04/28 20:57:43.046 +08:00] [INFO] [server.go:226] ["init cluster id"] [cluster-id=7633793539696693334]
[2026/04/28 20:57:43.048 +08:00] [INFO] [server.go:599] ["start to campaign leader"] [campaign-leader-name=pd2]
[2026/04/28 20:57:43.053 +08:00] [INFO] [server.go:616] ["campaign leader ok"] [campaign-leader-name=pd2]
[2026/04/28 20:57:43.054 +08:00] [INFO] [tso.go:129] ["sync and save timestamp"] [last=1754/08/30 22:43:41.128 +00:00] [save=2026/04/28 20:57:43.254 +08:00] [next=2026/04/28 20:57:43.054 +08:00]
[2026/04/28 20:57:43.058 +08:00] [INFO] [server.go:636] ["PD cluster leader is ready to serve"] [leader-name=pd2]
[2026/04/28 20:57:43.146 +08:00] [INFO] [server.go:129] ["PD Config"] [config="{\"client-urls\":\"http://127.0.0.1:26976\",\"peer-urls\":\"http://127.0.0.1:26977\",\"advertise-client-urls\":\"http://127.0.0.1:26976\",\"advertise-peer-urls\":\"http://127.0.0.1:26977\",\"name\":\"pd1\",\"data-dir\":\"/tmp/test_pd_check_clusterID_0\",\"force-new-cluster\":false,\"enable-grpc-gateway\":true,\"initial-cluster\":\"pd1=http://127.0.0.1:26977,pd2=http://127.0.0.1:26979\",\"initial-cluster-state\":\"new\",\"lease\":1,\"log\":{\"level\":\"\",\"format\":\"\",\"disable-timestamp\":false,\"file\":{\"filename\":\"\",\"max-size\":0,\"max-days\":0,\"max-backups\":0},\"development\":false,\"disable-caller\":false,\"disable-stacktrace\":false,\"disable-error-verbose\":false,\"sampling\":null},\"log-file\":\"\",\"log-level\":\"\",\"tso-save-interval\":\"200ms\",\"schedule\":{\"patrol-region-interval\":\"100ms\",\"max-store-down-time\":\"30m0s\",\"leader-schedule-limit\":4,\"region-schedule-limit\":2048,\"replica-schedule-limit\":64,\"schedulers-v2\":[{\"type\":\"balance-region\",\"args\":null,\"disable\":false,\"args-payload\":\"\"},{\"type\":\"balance-leader\",\"args\":null,\"disable\":false,\"args-payload\":\"\"}]},\"replication\":{\"max-replicas\":3},\"pd-server\":{\"max-reset-ts-gap\":86400000000000},\"quota-backend-bytes\":\"0B\",\"auto-compaction-mode\":\"periodic\",\"auto-compaction-retention-v2\":\"1h\",\"TickInterval\":\"100ms\",\"ElectionInterval\":\"3s\",\"security\":{\"cacert-path\":\"\",\"cert-path\":\"\",\"key-path\":\"\"},\"WarningMsgs\":null,\"DisableStrictReconfigCheck\":true,\"HeartbeatStreamBindInterval\":\"1m0s\",\"LeaderPriorityCheckInterval\":\"100ms\"}"]
[2026/04/28 20:57:43.146 +08:00] [INFO] [server.go:159] ["start embed etcd"]
[2026/04/28 20:57:43.146 +08:00] [INFO] [etcd.go:117] ["configuring peer listeners"] [listen-peer-urls="[http://127.0.0.1:26977]"]
[2026/04/28 20:57:43.146 +08:00] [INFO] [etcd.go:127] ["configuring client listeners"] [listen-client-urls="[http://127.0.0.1:26976]"]
[2026/04/28 20:57:43.146 +08:00] [INFO] [etcd.go:602] ["pprof is enabled"] [path=/debug/pprof]
[2026/04/28 20:57:43.148 +08:00] [INFO] [etcd.go:299] ["starting an etcd server"] [etcd-version=3.4.3] [git-sha="Not provided (use ./build instead of go build)"] [go-version=go1.26.1] [go-os=windows] [go-arch=amd64] [max-cpu-set=16] [max-cpu-available=16] [member-initialized=true] [name=pd1] [data-dir=/tmp/test_pd_check_clusterID_0] [wal-dir=] [wal-dir-dedicated=] [member-dir="\\tmp\\test_pd_check_clusterID_0\\member"] [force-new-cluster=false] [heartbeat-interval=100ms] [election-timeout=3s] [initial-election-tick-advance=true] [snapshot-count=100000] [snapshot-catchup-entries=5000] [initial-advertise-peer-urls="[http://127.0.0.1:26977]"] [listen-peer-urls="[http://127.0.0.1:26977]"] [advertise-client-urls="[http://127.0.0.1:26976]"] [listen-client-urls="[http://127.0.0.1:26976]"] [listen-metrics-urls="[]"] [cors="[*]"] [host-whitelist="[*]"] [initial-cluster=] [initial-cluster-state=new] [initial-cluster-token=] [quota-size-bytes=2147483648] [pre-vote=false] [initial-corrupt-check=false] [corrupt-check-time-interval=0s] [auto-compaction-mode=periodic] [auto-compaction-retention=1h0m0s] [auto-compaction-interval=1h0m0s] [discovery-url=] [discovery-proxy=]
[2026/04/28 20:57:43.151 +08:00] [INFO] [backend.go:79] ["opened backend db"] [path="\\tmp\\test_pd_check_clusterID_0\\member\\snap\\db"] [took=515.7µs]
[2026/04/28 20:57:43.154 +08:00] [INFO] [raft.go:506] ["restarting local member"] [cluster-id=cf27d68ec0483b0d] [local-member-id=4cfd80cb7b47f158] [commit-index=9]
[2026/04/28 20:57:43.154 +08:00] [INFO] [raft.go:1530] ["4cfd80cb7b47f158 switched to configuration voters=()"]
[2026/04/28 20:57:43.154 +08:00] [INFO] [raft.go:700] ["4cfd80cb7b47f158 became follower at term 2"]
[2026/04/28 20:57:43.155 +08:00] [INFO] [raft.go:383] ["newRaft 4cfd80cb7b47f158 [peers: [], term: 2, commit: 9, applied: 0, lastindex: 9, lastterm: 2]"]
[2026/04/28 20:57:43.166 +08:00] [WARN] [store.go:1317] ["simple token is not cryptographically signed"]
[2026/04/28 20:57:43.174 +08:00] [INFO] [server.go:792] ["starting etcd server"] [local-member-id=4cfd80cb7b47f158] [local-server-version=3.4.3] [cluster-version=to_be_decided]
[2026/04/28 20:57:43.174 +08:00] [WARN] [metrics.go:193] ["failed to get file descriptor usage"] [error="cannot get FDUsage on windows"]
[2026/04/28 20:57:43.174 +08:00] [INFO] [server.go:680] ["starting initial election tick advance"] [election-ticks=30]
[2026/04/28 20:57:43.174 +08:00] [INFO] [raft.go:1530] ["4cfd80cb7b47f158 switched to configuration voters=(5547731927425347928)"]
[2026/04/28 20:57:43.174 +08:00] [INFO] [cluster.go:392] ["added member"] [cluster-id=cf27d68ec0483b0d] [local-member-id=4cfd80cb7b47f158] [added-peer-id=4cfd80cb7b47f158] [added-peer-peer-urls="[http://127.0.0.1:26977]"]
[2026/04/28 20:57:43.174 +08:00] [INFO] [cluster.go:558] ["set initial cluster version"] [cluster-id=cf27d68ec0483b0d] [local-member-id=4cfd80cb7b47f158] [cluster-version=3.4]
[2026/04/28 20:57:43.174 +08:00] [INFO] [etcd.go:576] ["serving peer traffic"] [address=127.0.0.1:26977]
[2026/04/28 20:57:43.174 +08:00] [INFO] [etcd.go:241] ["now serving peer/client/metrics"] [local-member-id=4cfd80cb7b47f158] [initial-advertise-peer-urls="[http://127.0.0.1:26977]"] [listen-peer-urls="[http://127.0.0.1:26977]"] [advertise-client-urls="[http://127.0.0.1:26976]"] [listen-client-urls="[http://127.0.0.1:26976]"] [listen-metrics-urls="[]"]
[2026/04/28 20:57:43.177 +08:00] [INFO] [server.go:271] ["closing server"]
[2026/04/28 20:57:43.177 +08:00] [INFO] [server.go:679] ["server is closed, exit etcd leader loop"]
[2026/04/28 20:57:43.177 +08:00] [INFO] [server.go:662] ["server is closed"]
[2026/04/28 20:57:43.177 +08:00] [INFO] [server.go:572] ["server is closed, return leader loop"]
[2026/04/28 20:57:43.177 +08:00] [INFO] [etcd.go:360] ["closing etcd server"] [name=pd2] [data-dir=/tmp/test_pd_check_clusterID_1] [advertise-peer-urls="[http://127.0.0.1:26979]"] [advertise-client-urls="[http://127.0.0.1:26978]"]
[2026/04/28 20:57:43.178 +08:00] [INFO] [server.go:1464] ["skipped leadership transfer for single voting member cluster"] [local-member-id=6a5faa18538dd1a2] [current-leader-member-id=6a5faa18538dd1a2]
[2026/04/28 20:57:43.178 +08:00] [WARN] [grpclog.go:60] ["transport: http2Server.HandleStreams failed to read frame: read tcp 127.0.0.1:26978->127.0.0.1:27000: use of closed network connection"]
[2026/04/28 20:57:43.188 +08:00] [INFO] [etcd.go:555] ["stopping serving peer traffic"] [address=127.0.0.1:26979]
[2026/04/28 20:57:43.188 +08:00] [INFO] [etcd.go:562] ["stopped serving peer traffic"] [address=127.0.0.1:26979]
[2026/04/28 20:57:43.188 +08:00] [INFO] [etcd.go:364] ["closed etcd server"] [name=pd2] [data-dir=/tmp/test_pd_check_clusterID_1] [advertise-peer-urls="[http://127.0.0.1:26979]"] [advertise-client-urls="[http://127.0.0.1:26978]"]
[2026/04/28 20:57:43.188 +08:00] [INFO] [server.go:290] ["close server"]
OOPS: 38 passed, 3 FAILED
--- FAIL: TestServer (16.54s)
FAIL
FAIL	github.com/pingcap-incubator/tinykv/scheduler/server	16.581s
FAIL
